###############################################################################
#
# IAR ELF Linker V9.40.1.364/W64 for ARM                  14/Mar/2026  19:10:48
# Copyright 2007-2023 IAR Systems AB.
#
#    Output file  =
#        D:\CYT4BB7\Seekfree_CYT4BB_Opensource_Library\project\iar\project_config\Debug_m7_0\Exe\cyt4bb7_cm_7_0.out
#    Map file     =
#        D:\CYT4BB7\Seekfree_CYT4BB_Opensource_Library\project\iar\Debug_m7_0\List\cyt4bb7_cm_7_0.map
#    Command line =
#        -f
#        D:\CYT4BB7\Seekfree_CYT4BB_Opensource_Library\project\iar\project_config\Debug_m7_0\Exe\cyt4bb7_cm_7_0.out.rsp
#        (D:\CYT4BB7\Seekfree_CYT4BB_Opensource_Library\project\iar\Debug_m7_0\Obj\app_init.o
#        D:\CYT4BB7\Seekfree_CYT4BB_Opensource_Library\project\iar\Debug_m7_0\Obj\user_8514941877209965082.dir\cm7_0_isr.o
#        D:\CYT4BB7\Seekfree_CYT4BB_Opensource_Library\project\iar\Debug_m7_0\Obj\control.o
#        D:\CYT4BB7\Seekfree_CYT4BB_Opensource_Library\project\iar\Debug_m7_0\Obj\adc_11722776235721520015.dir\cy_adc.o
#        D:\CYT4BB7\Seekfree_CYT4BB_Opensource_Library\project\iar\Debug_m7_0\Obj\button_4990804375159372270.dir\cy_button.o
#        D:\CYT4BB7\Seekfree_CYT4BB_Opensource_Library\project\iar\Debug_m7_0\Obj\canfd_1800690984773873875.dir\cy_canfd.o
#        D:\CYT4BB7\Seekfree_CYT4BB_Opensource_Library\project\iar\Debug_m7_0\Obj\cpu_15938736945165268644.dir\cy_cpu.o
#        D:\CYT4BB7\Seekfree_CYT4BB_Opensource_Library\project\iar\Debug_m7_0\Obj\crypto_1190170608956581615.dir\cy_crypto_config.o
#        D:\CYT4BB7\Seekfree_CYT4BB_Opensource_Library\project\iar\Debug_m7_0\Obj\eth_phy_18133017486186456677.dir\cy_dp83867.o
#        D:\CYT4BB7\Seekfree_CYT4BB_Opensource_Library\project\iar\Debug_m7_0\Obj\ethernet_6029839089178797009.dir\cy_ethif.o
#        D:\CYT4BB7\Seekfree_CYT4BB_Opensource_Library\project\iar\Debug_m7_0\Obj\evtgen_3404189088603873129.dir\cy_evtgen.o
#        D:\CYT4BB7\Seekfree_CYT4BB_Opensource_Library\project\iar\Debug_m7_0\Obj\flash_8529866181315662935.dir\cy_flash.o
#        D:\CYT4BB7\Seekfree_CYT4BB_Opensource_Library\project\iar\Debug_m7_0\Obj\gpio_3999404635324069351.dir\cy_gpio.o
#        D:\CYT4BB7\Seekfree_CYT4BB_Opensource_Library\project\iar\Debug_m7_0\Obj\audioss_1346650047966882938.dir\cy_i2s.o
#        D:\CYT4BB7\Seekfree_CYT4BB_Opensource_Library\project\iar\Debug_m7_0\Obj\rev_b_6162237342861132223.dir\cy_interrupt_map.o
#        D:\CYT4BB7\Seekfree_CYT4BB_Opensource_Library\project\iar\Debug_m7_0\Obj\ipc_10145506163450686023.dir\cy_ipc_drv.o
#        D:\CYT4BB7\Seekfree_CYT4BB_Opensource_Library\project\iar\Debug_m7_0\Obj\ipc_10145506163450686023.dir\cy_ipc_pipe.o
#        D:\CYT4BB7\Seekfree_CYT4BB_Opensource_Library\project\iar\Debug_m7_0\Obj\ipc_10145506163450686023.dir\cy_ipc_sema.o
#        D:\CYT4BB7\Seekfree_CYT4BB_Opensource_Library\project\iar\Debug_m7_0\Obj\lin_18429031207028094880.dir\cy_lin.o
#        D:\CYT4BB7\Seekfree_CYT4BB_Opensource_Library\project\iar\Debug_m7_0\Obj\lvd_6353935867039560245.dir\cy_lvd.o
#        D:\CYT4BB7\Seekfree_CYT4BB_Opensource_Library\project\iar\Debug_m7_0\Obj\mcwdt_4052485907822033969.dir\cy_mcwdt.o
#        D:\CYT4BB7\Seekfree_CYT4BB_Opensource_Library\project\iar\Debug_m7_0\Obj\dma_12106025507578611576.dir\cy_mdma.o
#        D:\CYT4BB7\Seekfree_CYT4BB_Opensource_Library\project\iar\Debug_m7_0\Obj\mpu_5663187252346826382.dir\cy_mpu.o
#        D:\CYT4BB7\Seekfree_CYT4BB_Opensource_Library\project\iar\Debug_m7_0\Obj\flash_864493325053435817.dir\cy_mw_flash.o
#        D:\CYT4BB7\Seekfree_CYT4BB_Opensource_Library\project\iar\Debug_m7_0\Obj\dma_12106025507578611576.dir\cy_pdma.o
#        D:\CYT4BB7\Seekfree_CYT4BB_Opensource_Library\project\iar\Debug_m7_0\Obj\power_14453085144426420577.dir\cy_power.o
#        D:\CYT4BB7\Seekfree_CYT4BB_Opensource_Library\project\iar\Debug_m7_0\Obj\prot_10722960861768657883.dir\cy_prot.o
#        D:\CYT4BB7\Seekfree_CYT4BB_Opensource_Library\project\iar\Debug_m7_0\Obj\scb_15490842639181808494.dir\cy_scb_common.o
#        D:\CYT4BB7\Seekfree_CYT4BB_Opensource_Library\project\iar\Debug_m7_0\Obj\scb_15490842639181808494.dir\cy_scb_ezi2c.o
#        D:\CYT4BB7\Seekfree_CYT4BB_Opensource_Library\project\iar\Debug_m7_0\Obj\scb_15490842639181808494.dir\cy_scb_i2c.o
#        D:\CYT4BB7\Seekfree_CYT4BB_Opensource_Library\project\iar\Debug_m7_0\Obj\scb_15490842639181808494.dir\cy_scb_spi.o
#        D:\CYT4BB7\Seekfree_CYT4BB_Opensource_Library\project\iar\Debug_m7_0\Obj\scb_15490842639181808494.dir\cy_scb_uart.o
#        D:\CYT4BB7\Seekfree_CYT4BB_Opensource_Library\project\iar\Debug_m7_0\Obj\sd_host_2982766354293506895.dir\cy_sd_host.o
#        D:\CYT4BB7\Seekfree_CYT4BB_Opensource_Library\project\iar\Debug_m7_0\Obj\semihosting_143864889731838620.dir\cy_semihosting.o
#        D:\CYT4BB7\Seekfree_CYT4BB_Opensource_Library\project\iar\Debug_m7_0\Obj\smartio_5451710003740070188.dir\cy_smartio.o
#        D:\CYT4BB7\Seekfree_CYT4BB_Opensource_Library\project\iar\Debug_m7_0\Obj\smif_427648126384146252.dir\cy_smif.o
#        D:\CYT4BB7\Seekfree_CYT4BB_Opensource_Library\project\iar\Debug_m7_0\Obj\smif_mem_6470536964353725183.dir\cy_smif_device_common.o
#        D:\CYT4BB7\Seekfree_CYT4BB_Opensource_Library\project\iar\Debug_m7_0\Obj\smif_mem_6470536964353725183.dir\cy_smif_hb_flash.o
#        D:\CYT4BB7\Seekfree_CYT4BB_Opensource_Library\project\iar\Debug_m7_0\Obj\smif_427648126384146252.dir\cy_smif_memslot.o
#        D:\CYT4BB7\Seekfree_CYT4BB_Opensource_Library\project\iar\Debug_m7_0\Obj\smif_mem_6470536964353725183.dir\cy_smif_s25fl.o
#        D:\CYT4BB7\Seekfree_CYT4BB_Opensource_Library\project\iar\Debug_m7_0\Obj\smif_mem_6470536964353725183.dir\cy_smif_s25fs.o
#        D:\CYT4BB7\Seekfree_CYT4BB_Opensource_Library\project\iar\Debug_m7_0\Obj\smif_mem_6470536964353725183.dir\cy_smif_semp.o
#        D:\CYT4BB7\Seekfree_CYT4BB_Opensource_Library\project\iar\Debug_m7_0\Obj\smif_427648126384146252.dir\cy_smif_ver_specific.o
#        D:\CYT4BB7\Seekfree_CYT4BB_Opensource_Library\project\iar\Debug_m7_0\Obj\srom_13018798572330080582.dir\cy_srom.o
#        D:\CYT4BB7\Seekfree_CYT4BB_Opensource_Library\project\iar\Debug_m7_0\Obj\sw_timer_4215635015939382130.dir\cy_sw_tmr.o
#        D:\CYT4BB7\Seekfree_CYT4BB_Opensource_Library\project\iar\Debug_m7_0\Obj\sysclk_16149231235676103872.dir\cy_sysclk.o
#        D:\CYT4BB7\Seekfree_CYT4BB_Opensource_Library\project\iar\Debug_m7_0\Obj\sysflt_12293435975120599261.dir\cy_sysflt.o
#        D:\CYT4BB7\Seekfree_CYT4BB_Opensource_Library\project\iar\Debug_m7_0\Obj\sysint_7435970359207984181.dir\cy_sysint.o
#        D:\CYT4BB7\Seekfree_CYT4BB_Opensource_Library\project\iar\Debug_m7_0\Obj\syslib_16330585751512546975.dir\cy_syslib.o
#        D:\CYT4BB7\Seekfree_CYT4BB_Opensource_Library\project\iar\Debug_m7_0\Obj\syslib_16330585751512546975.dir\cy_syslib_iar.o
#        D:\CYT4BB7\Seekfree_CYT4BB_Opensource_Library\project\iar\Debug_m7_0\Obj\syspm_10887939769544754770.dir\cy_syspm.o
#        D:\CYT4BB7\Seekfree_CYT4BB_Opensource_Library\project\iar\Debug_m7_0\Obj\sysreghc_17676636058511625587.dir\cy_sysreghc.o
#        D:\CYT4BB7\Seekfree_CYT4BB_Opensource_Library\project\iar\Debug_m7_0\Obj\sysreset_14586141425677365288.dir\cy_sysreset.o
#        D:\CYT4BB7\Seekfree_CYT4BB_Opensource_Library\project\iar\Debug_m7_0\Obj\sysrtc_10747768817563771611.dir\cy_sysrtc.o
#        D:\CYT4BB7\Seekfree_CYT4BB_Opensource_Library\project\iar\Debug_m7_0\Obj\systick_16016591671695740695.dir\cy_systick.o
#        D:\CYT4BB7\Seekfree_CYT4BB_Opensource_Library\project\iar\Debug_m7_0\Obj\syswdt_9118657615806274156.dir\cy_syswdt.o
#        D:\CYT4BB7\Seekfree_CYT4BB_Opensource_Library\project\iar\Debug_m7_0\Obj\tcpwm_422923530147891246.dir\cy_tcpwm.o
#        D:\CYT4BB7\Seekfree_CYT4BB_Opensource_Library\project\iar\Debug_m7_0\Obj\tcpwm_422923530147891246.dir\cy_tcpwm_counter.o
#        D:\CYT4BB7\Seekfree_CYT4BB_Opensource_Library\project\iar\Debug_m7_0\Obj\tcpwm_422923530147891246.dir\cy_tcpwm_pwm.o
#        D:\CYT4BB7\Seekfree_CYT4BB_Opensource_Library\project\iar\Debug_m7_0\Obj\tcpwm_422923530147891246.dir\cy_tcpwm_quaddec.o
#        D:\CYT4BB7\Seekfree_CYT4BB_Opensource_Library\project\iar\Debug_m7_0\Obj\tcpwm_422923530147891246.dir\cy_tcpwm_sr.o
#        D:\CYT4BB7\Seekfree_CYT4BB_Opensource_Library\project\iar\Debug_m7_0\Obj\trigmux_9729677290734583340.dir\cy_trigmux.o
#        D:\CYT4BB7\Seekfree_CYT4BB_Opensource_Library\project\iar\Debug_m7_0\Obj\ethernet_6029839089178797009.dir\edd.o
#        D:\CYT4BB7\Seekfree_CYT4BB_Opensource_Library\project\iar\Debug_m7_0\Obj\ethernet_6029839089178797009.dir\edd_rx.o
#        D:\CYT4BB7\Seekfree_CYT4BB_Opensource_Library\project\iar\Debug_m7_0\Obj\ethernet_6029839089178797009.dir\edd_tx.o
#        D:\CYT4BB7\Seekfree_CYT4BB_Opensource_Library\project\iar\Debug_m7_0\Obj\imu_fusion.o
#        D:\CYT4BB7\Seekfree_CYT4BB_Opensource_Library\project\iar\Debug_m7_0\Obj\user_8514941877209965082.dir\main_cm7_0.o
#        D:\CYT4BB7\Seekfree_CYT4BB_Opensource_Library\project\iar\Debug_m7_0\Obj\MPU.o
#        D:\CYT4BB7\Seekfree_CYT4BB_Opensource_Library\project\iar\Debug_m7_0\Obj\zf_components_14936052685886095442.dir\seekfree_assistant.o
#        D:\CYT4BB7\Seekfree_CYT4BB_Opensource_Library\project\iar\Debug_m7_0\Obj\zf_components_14936052685886095442.dir\seekfree_assistant_interface.o
#        D:\CYT4BB7\Seekfree_CYT4BB_Opensource_Library\project\iar\Debug_m7_0\Obj\servo.o
#        D:\CYT4BB7\Seekfree_CYT4BB_Opensource_Library\project\iar\Debug_m7_0\Obj\small_drive_uart_control.o
#        D:\CYT4BB7\Seekfree_CYT4BB_Opensource_Library\project\iar\Debug_m7_0\Obj\startup_479057977785470282.dir\startup.o
#        D:\CYT4BB7\Seekfree_CYT4BB_Opensource_Library\project\iar\Debug_m7_0\Obj\startup_479057977785470282.dir\startup_cm7.o
#        D:\CYT4BB7\Seekfree_CYT4BB_Opensource_Library\project\iar\Debug_m7_0\Obj\rev_b_4986922561640112550.dir\system_tviibh4m_cm7.o
#        D:\CYT4BB7\Seekfree_CYT4BB_Opensource_Library\project\iar\Debug_m7_0\Obj\zf_common_1201165462030747823.dir\zf_common_clock.o
#        D:\CYT4BB7\Seekfree_CYT4BB_Opensource_Library\project\iar\Debug_m7_0\Obj\zf_common_1201165462030747823.dir\zf_common_debug.o
#        D:\CYT4BB7\Seekfree_CYT4BB_Opensource_Library\project\iar\Debug_m7_0\Obj\zf_common_1201165462030747823.dir\zf_common_fifo.o
#        D:\CYT4BB7\Seekfree_CYT4BB_Opensource_Library\project\iar\Debug_m7_0\Obj\zf_common_1201165462030747823.dir\zf_common_font.o
#        D:\CYT4BB7\Seekfree_CYT4BB_Opensource_Library\project\iar\Debug_m7_0\Obj\zf_common_1201165462030747823.dir\zf_common_function.o
#        D:\CYT4BB7\Seekfree_CYT4BB_Opensource_Library\project\iar\Debug_m7_0\Obj\zf_common_1201165462030747823.dir\zf_common_interrupt.o
#        D:\CYT4BB7\Seekfree_CYT4BB_Opensource_Library\project\iar\Debug_m7_0\Obj\zf_device_6570275422786408770.dir\zf_device_ble6a20.o
#        D:\CYT4BB7\Seekfree_CYT4BB_Opensource_Library\project\iar\Debug_m7_0\Obj\zf_device_6570275422786408770.dir\zf_device_dl1a.o
#        D:\CYT4BB7\Seekfree_CYT4BB_Opensource_Library\project\iar\Debug_m7_0\Obj\zf_device_6570275422786408770.dir\zf_device_dl1b.o
#        D:\CYT4BB7\Seekfree_CYT4BB_Opensource_Library\project\iar\Debug_m7_0\Obj\zf_device_6570275422786408770.dir\zf_device_gnss.o
#        D:\CYT4BB7\Seekfree_CYT4BB_Opensource_Library\project\iar\Debug_m7_0\Obj\zf_device_6570275422786408770.dir\zf_device_icm20602.o
#        D:\CYT4BB7\Seekfree_CYT4BB_Opensource_Library\project\iar\Debug_m7_0\Obj\zf_device_6570275422786408770.dir\zf_device_imu660ra.o
#        D:\CYT4BB7\Seekfree_CYT4BB_Opensource_Library\project\iar\Debug_m7_0\Obj\zf_device_6570275422786408770.dir\zf_device_imu660rb.o
#        D:\CYT4BB7\Seekfree_CYT4BB_Opensource_Library\project\iar\Debug_m7_0\Obj\zf_device_6570275422786408770.dir\zf_device_imu963ra.o
#        D:\CYT4BB7\Seekfree_CYT4BB_Opensource_Library\project\iar\Debug_m7_0\Obj\zf_device_6570275422786408770.dir\zf_device_ips114.o
#        D:\CYT4BB7\Seekfree_CYT4BB_Opensource_Library\project\iar\Debug_m7_0\Obj\zf_device_6570275422786408770.dir\zf_device_ips200.o
#        D:\CYT4BB7\Seekfree_CYT4BB_Opensource_Library\project\iar\Debug_m7_0\Obj\zf_device_6570275422786408770.dir\zf_device_ips200pro.o
#        D:\CYT4BB7\Seekfree_CYT4BB_Opensource_Library\project\iar\Debug_m7_0\Obj\zf_device_6570275422786408770.dir\zf_device_key.o
#        D:\CYT4BB7\Seekfree_CYT4BB_Opensource_Library\project\iar\Debug_m7_0\Obj\zf_device_6570275422786408770.dir\zf_device_menc15a.o
#        D:\CYT4BB7\Seekfree_CYT4BB_Opensource_Library\project\iar\Debug_m7_0\Obj\zf_device_6570275422786408770.dir\zf_device_mt9v03x.o
#        D:\CYT4BB7\Seekfree_CYT4BB_Opensource_Library\project\iar\Debug_m7_0\Obj\zf_device_6570275422786408770.dir\zf_device_oled.o
#        D:\CYT4BB7\Seekfree_CYT4BB_Opensource_Library\project\iar\Debug_m7_0\Obj\zf_device_6570275422786408770.dir\zf_device_tft180.o
#        D:\CYT4BB7\Seekfree_CYT4BB_Opensource_Library\project\iar\Debug_m7_0\Obj\zf_device_6570275422786408770.dir\zf_device_tsl1401.o
#        D:\CYT4BB7\Seekfree_CYT4BB_Opensource_Library\project\iar\Debug_m7_0\Obj\zf_device_6570275422786408770.dir\zf_device_type.o
#        D:\CYT4BB7\Seekfree_CYT4BB_Opensource_Library\project\iar\Debug_m7_0\Obj\zf_device_6570275422786408770.dir\zf_device_uart_receiver.o
#        D:\CYT4BB7\Seekfree_CYT4BB_Opensource_Library\project\iar\Debug_m7_0\Obj\zf_device_6570275422786408770.dir\zf_device_wifi_spi.o
#        D:\CYT4BB7\Seekfree_CYT4BB_Opensource_Library\project\iar\Debug_m7_0\Obj\zf_device_6570275422786408770.dir\zf_device_wifi_uart.o
#        D:\CYT4BB7\Seekfree_CYT4BB_Opensource_Library\project\iar\Debug_m7_0\Obj\zf_device_6570275422786408770.dir\zf_device_wireless_uart.o
#        D:\CYT4BB7\Seekfree_CYT4BB_Opensource_Library\project\iar\Debug_m7_0\Obj\zf_driver_11922370083829174090.dir\zf_driver_adc.o
#        D:\CYT4BB7\Seekfree_CYT4BB_Opensource_Library\project\iar\Debug_m7_0\Obj\zf_driver_11922370083829174090.dir\zf_driver_delay.o
#        D:\CYT4BB7\Seekfree_CYT4BB_Opensource_Library\project\iar\Debug_m7_0\Obj\zf_driver_11922370083829174090.dir\zf_driver_dma.o
#        D:\CYT4BB7\Seekfree_CYT4BB_Opensource_Library\project\iar\Debug_m7_0\Obj\zf_driver_11922370083829174090.dir\zf_driver_encoder.o
#        D:\CYT4BB7\Seekfree_CYT4BB_Opensource_Library\project\iar\Debug_m7_0\Obj\zf_driver_11922370083829174090.dir\zf_driver_exti.o
#        D:\CYT4BB7\Seekfree_CYT4BB_Opensource_Library\project\iar\Debug_m7_0\Obj\zf_driver_11922370083829174090.dir\zf_driver_flash.o
#        D:\CYT4BB7\Seekfree_CYT4BB_Opensource_Library\project\iar\Debug_m7_0\Obj\zf_driver_11922370083829174090.dir\zf_driver_gpio.o
#        D:\CYT4BB7\Seekfree_CYT4BB_Opensource_Library\project\iar\Debug_m7_0\Obj\zf_driver_11922370083829174090.dir\zf_driver_ipc.o
#        D:\CYT4BB7\Seekfree_CYT4BB_Opensource_Library\project\iar\Debug_m7_0\Obj\zf_driver_11922370083829174090.dir\zf_driver_pit.o
#        D:\CYT4BB7\Seekfree_CYT4BB_Opensource_Library\project\iar\Debug_m7_0\Obj\zf_driver_11922370083829174090.dir\zf_driver_pwm.o
#        D:\CYT4BB7\Seekfree_CYT4BB_Opensource_Library\project\iar\Debug_m7_0\Obj\zf_driver_11922370083829174090.dir\zf_driver_soft_iic.o
#        D:\CYT4BB7\Seekfree_CYT4BB_Opensource_Library\project\iar\Debug_m7_0\Obj\zf_driver_11922370083829174090.dir\zf_driver_soft_spi.o
#        D:\CYT4BB7\Seekfree_CYT4BB_Opensource_Library\project\iar\Debug_m7_0\Obj\zf_driver_11922370083829174090.dir\zf_driver_spi.o
#        D:\CYT4BB7\Seekfree_CYT4BB_Opensource_Library\project\iar\Debug_m7_0\Obj\zf_driver_11922370083829174090.dir\zf_driver_timer.o
#        D:\CYT4BB7\Seekfree_CYT4BB_Opensource_Library\project\iar\Debug_m7_0\Obj\zf_driver_11922370083829174090.dir\zf_driver_uart.o
#        --no_out_extension -o
#        D:\CYT4BB7\Seekfree_CYT4BB_Opensource_Library\project\iar\project_config\Debug_m7_0\Exe\cyt4bb7_cm_7_0.out
#        --config_def _CORE_cm7_0_=0 --config_def _LINK_flash_=0 --map
#        D:\CYT4BB7\Seekfree_CYT4BB_Opensource_Library\project\iar\Debug_m7_0\List\cyt4bb7_cm_7_0.map
#        --config
#        D:\CYT4BB7\Seekfree_CYT4BB_Opensource_Library\project\iar\project_config\..\icf\linker_directives_tviibh.icf
#        --semihosting
#        D:\CYT4BB7\Seekfree_CYT4BB_Opensource_Library\project\iar\project_config\..\..\..\libraries\sdk\tviibh4m\src\drivers\crypto\libs\libcrypto_server_cm0plus_iar.a
#        D:\CYT4BB7\Seekfree_CYT4BB_Opensource_Library\project\iar\project_config\..\..\..\libraries\zf_device\zf_device_config.a
#        D:\CYT4BB7\Seekfree_CYT4BB_Opensource_Library\project\iar\project_config\..\..\..\libraries\sdk\common\hdr\cmsis\dsp\iar_cortexM7lf_math.a
#        --entry __iar_program_start --vfe --text_out locale --cpu=Cortex-M7
#        --fpu=VFPv5_d16) --dependencies=n
#        D:\CYT4BB7\Seekfree_CYT4BB_Opensource_Library\project\iar\project_config\Debug_m7_0\Exe\cyt4bb7_cm_7_0.out.iar_deps
#
###############################################################################

*******************************************************************************
*** RUNTIME MODEL ATTRIBUTES
***

CppFlavor       = *
__CPP_Runtime   = 1
__Heap_Handler  = Basic
__SystemLibrary = DLib
__dlib_version  = 6


*******************************************************************************
*** HEAP SELECTION
***

The basic heap was selected because --advanced_heap
was not specified and the application did not appear to
be primarily optimized for speed.


*******************************************************************************
*** PLACEMENT SUMMARY
***

"A0":  place at start of [from 0x1008'0000 to 0x1027'ffff] { section .intvec };
"P1":  place in [from 0x1008'0000 to 0x1027'ffff] { ro };
"P2":  place in [from 0x2802'0000 to 0x2807'ffff] { rw };
define block HEAP with size = 1K, alignment = 8 { };
define block CSTACK with size = 8K, alignment = 8 { };
define block HEAP_STACK { block HEAP, last block CSTACK };
"A1":  place at end of [from 0x2802'0000 to 0x2807'ffff] { block HEAP_STACK };
do not initialize { section .intvec_ram };
initialize by copy { rw };

No sections matched the following patterns:

  ro section .sflash_app_prot  in "P6"
  ro section .sflash_nar       in "P4"
  ro section .sflash_pkey      in "P5"
  ro section .sflash_toc2      in "P7"
  ro section .sflash_uf_rows   in "P3"
  ro section .work_flash       in "P8"
  section .global_ram_data     in "P9"


  Section            Kind         Address    Size  Object
  -------            ----         -------    ----  ------
"A0":                                        0x80
  .intvec            ro code  0x1008'0000    0x80  startup_cm7.o [31]
                            - 0x1008'0080    0x80

"P1":                                      0x819d
  .text              ro code  0x1008'0080   0xeae  xprintffull_nomb.o [50]
  .text              ro code  0x1008'0f2e    0x7e  lz77_init_single.o [52]
  .text              ro code  0x1008'0fac    0x16  strchr.o [52]
  .text              ro code  0x1008'0fc2     0xa  xsprout.o [50]
  .text              ro code  0x1008'0fcc    0x40  xfail_s.o [50]
  .text              ro code  0x1008'100c    0x36  strlen.o [52]
  .text              ro code  0x1008'1044    0x58  memchr.o [52]
  .text              ro code  0x1008'109c    0xa6  ABImemcpy.o [52]
  .text              ro code  0x1008'1144    0x70  frexp.o [51]
  .text              ro code  0x1008'11b4    0x34  DblCmpLe.o [51]
  .text              ro code  0x1008'11e8    0x34  DblCmpGe.o [51]
  .text              ro code  0x1008'121c   0x104  ldexp.o [51]
  .text              ro code  0x1008'1320     0xe  DblToS32.o [51]
  .text              ro code  0x1008'132e     0xe  S32ToDbl.o [51]
  .text              ro code  0x1008'133c    0x12  DblSub.o [51]
  .text              ro code  0x1008'134e    0x12  DblDiv.o [51]
  .text              ro code  0x1008'1360     0xe  DblToU32.o [51]
  .text              ro code  0x1008'136e     0xe  U32ToDbl.o [51]
  .text              ro code  0x1008'137c    0x12  DblMul.o [51]
  .text              ro code  0x1008'1390   0x230  I64DivMod.o [52]
  .text              ro code  0x1008'15c0     0x6  abort.o [50]
  .text              ro code  0x1008'15c8     0x2  I64DivZer.o [52]
  .text              ro code  0x1008'15cc    0x14  exit.o [53]
  .text              ro code  0x1008'15e0   0xe18  zf_driver_pwm.o [49]
  .text              ro code  0x1008'23f8   0x454  zf_common_debug.o [46]
  .text              ro code  0x1008'284c    0x66  ABImemset.o [52]
  .text              ro code  0x1008'28b4   0x194  cy_gpio.o [14]
  .text              ro code  0x1008'2a48   0x20a  cy_tcpwm_pwm.o [43]
  .text              ro code  0x1008'2c52     0xc  cy_tcpwm.o [43]
  .text              ro code  0x1008'2c60   0x828  zf_driver_uart.o [49]
  .text              ro code  0x1008'3488    0x40  sprintf.o [50]
  .text              ro code  0x1008'34c8   0x448  zf_common_fifo.o [46]
  .text              ro code  0x1008'3910    0xe2  zf_common_interrupt.o [46]
  .text              ro code  0x1008'39f4     0x6  ABImemclr4.o [52]
  .text              ro code  0x1008'39fc   0x314  cy_scb_uart.o [24]
  .text              ro code  0x1008'3d10    0xac  cy_sysint.o [35]
  .text              ro code  0x1008'3dbc    0x32  ABImemset48.o [52]
  .text              ro code  0x1008'3df0   0xa7c  zf_driver_spi.o [49]
  .text              ro code  0x1008'486c   0x1f0  cy_scb_spi.o [24]
  .text              ro code  0x1008'4a5c   0x8e8  cy_sysclk.o [33]
  .text              ro code  0x1008'5344    0x70  strncpy.o [52]
  .text              ro code  0x1008'53b4    0xa8  cy_syslib.o [36]
  .text              ro code  0x1008'545c     0x2  cy_syslib.o [36]
  .text              ro code  0x1008'5460   0x53c  imu_fusion.o [1]
  .text              ro code  0x1008'599c   0x1f4  zf_device_imu660rb.o [48]
  .text              ro code  0x1008'5b90   0x284  zf_driver_delay.o [49]
  .text              ro code  0x1008'5e14    0x1e  sqrtf.o [51]
  .text              ro code  0x1008'5e34    0x6a  atan2f.o [51]
  .text              ro code  0x1008'5ea0    0xe4  zf_driver_gpio.o [49]
  .text              ro code  0x1008'5f84   0x1ae  cy_tcpwm_counter.o [43]
  .text              ro code  0x1008'6134    0xa4  xatanf.o [51]
  .text              ro code  0x1008'61d8   0x398  zf_driver_pit.o [49]
  .text              ro code  0x1008'6570   0x224  control.o [1]
  .text              ro code  0x1008'6794   0x204  cm7_0_isr.o [45]
  .text              ro code  0x1008'6998   0x136  main_cm7_0.o [45]
  .text              ro code  0x1008'6ad0    0x7c  zf_device_tsl1401.o [48]
  .text              ro code  0x1008'6b4c   0x114  zf_device_gnss.o [48]
  .text              ro code  0x1008'6c60   0x186  small_drive_uart_control.o [1]
  .text              ro code  0x1008'6de8   0x1f0  app_init.o [1]
  .text              ro code  0x1008'6fd8    0x74  zf_driver_adc.o [49]
  .text              ro code  0x1008'704c    0x2a  strncmp.o [50]
  .text              ro code  0x1008'7078    0x1c  zf_common_clock.o [46]
  .text              ro code  0x1008'7094    0x28  printf.o [50]
  .text              ro code  0x1008'70bc   0x144  servo.o [1]
  .text              ro code  0x1008'7200   0x150  system_tviibh4m_cm7.o [22]
  .text              ro code  0x1008'7350     0x8  startup_cm7.o [31]
  .text              ro code  0x1008'7358     0x6  startup_cm7.o [31]
  .text              ro code  0x1008'7360   0x204  startup.o [31]
  .text              ro code  0x1008'7564   0x198  cy_interrupt_map.o [23]
  .text              ro code  0x1008'76fc    0xb0  startup_cm7.o [31]
  .rodata            const    0x1008'77ac    0x68  system_tviibh4m_cm7.o [22]
  .rodata            const    0x1008'7814    0x64  cy_sysclk.o [33]
  .rodata            const    0x1008'7878    0x64  cy_sysclk.o [33]
  .rodata            const    0x1008'78dc    0x58  zf_device_imu660rb.o [48]
  .rodata            const    0x1008'7934    0x54  zf_common_fifo.o [46]
  .rodata            const    0x1008'7988    0x54  zf_driver_pwm.o [49]
  .rodata            const    0x1008'79dc    0x54  zf_driver_spi.o [49]
  .rodata            const    0x1008'7a30    0x54  zf_driver_uart.o [49]
  .rodata            const    0x1008'7a84    0x4c  app_init.o [1]
  .rodata            const    0x1008'7ad0    0x38  app_init.o [1]
  .text              ro code  0x1008'7b08    0x38  zero_init3.o [52]
  .rodata            const    0x1008'7b40    0x34  app_init.o [1]
  .rodata            const    0x1008'7b74    0x30  app_init.o [1]
  .rodata            const    0x1008'7ba4    0x30  app_init.o [1]
  .rodata            const    0x1008'7bd4    0x30  app_init.o [1]
  .rodata            const    0x1008'7c04    0x2c  app_init.o [1]
  .rodata            const    0x1008'7c30    0x28  app_init.o [1]
  .rodata            const    0x1008'7c58    0x28  app_init.o [1]
  .rodata            const    0x1008'7c80    0x28  app_init.o [1]
  .rodata            const    0x1008'7ca8    0x28  app_init.o [1]
  .text              ro code  0x1008'7cd0    0x28  data_init.o [52]
  .rodata            const    0x1008'7cf8    0x24  app_init.o [1]
  .rodata            const    0x1008'7d1c    0x24  app_init.o [1]
  .text              ro code  0x1008'7d40    0x22  fpinit_M.o [51]
  .iar.init_table    const    0x1008'7d64    0x20  - Linker created -
  .rodata            const    0x1008'7d84    0x20  app_init.o [1]
  .rodata            const    0x1008'7da4    0x20  app_init.o [1]
  .text              ro code  0x1008'7dc4    0x20  startup_cm7.o [31]
  .text              ro code  0x1008'7de4    0x20  putchar.o [50]
  .text              ro code  0x1008'7e10    0x1e  cy_syslib_iar.o [36]
  .text              ro code  0x1008'7e30    0x1e  cmain.o [52]
  .text              ro code  0x1008'7e50     0x4  startup_cm7.o [31]
  .text              ro code  0x1008'7e54     0x4  exit.o [50]
  .text              ro code  0x1008'7e58     0xa  cexit.o [52]
  .rodata            const    0x1008'7e64    0x1c  app_init.o [1]
  .rodata            const    0x1008'7e80    0x1c  zf_common_debug.o [46]
  .rodata            const    0x1008'7e9c    0x1c  zf_device_imu660rb.o [48]
  .text              ro code  0x1008'7eb8    0x1c  startup_cm7.o [31]
  .text              ro code  0x1008'7ed4    0x1c  cstartup_M.o [52]
  .rodata            const    0x1008'7ef0    0x18  app_init.o [1]
  .rodata            const    0x1008'7f08    0x18  startup.o [31]
  .rodata            const    0x1008'7f20    0x18  system_tviibh4m_cm7.o [22]
  .rodata            const    0x1008'7f38    0x18  zf_common_debug.o [46]
  .text              ro code  0x1008'7f50    0x16  xprout.o [50]
  .rodata            const    0x1008'7f68    0x10  zf_common_debug.o [46]
  .rodata            const    0x1008'7f78    0x10  zf_common_debug.o [46]
  .rodata            const    0x1008'7f88     0xc  zf_common_debug.o [46]
  .rodata            const    0x1008'7f94     0xc  zf_common_debug.o [46]
  .rodata            const    0x1008'7fa0     0xc  zf_common_debug.o [46]
  .text              ro code  0x1008'7fac     0xc  cy_syslib.o [36]
  .rodata            const    0x1008'7fb8     0x8  cy_sysclk.o [33]
  .rodata            const    0x1008'7fc0     0x4  cy_interrupt_map.o [23]
  .rodata            const    0x1008'7fc4     0x4  cy_interrupt_map.o [23]
  .rodata            const    0x1008'7fc8     0x4  cy_interrupt_map.o [23]
  .rodata            const    0x1008'7fcc     0x4  cy_interrupt_map.o [23]
  .rodata            const    0x1008'7fd0     0x4  cy_interrupt_map.o [23]
  .rodata            const    0x1008'7fd4     0x4  cy_interrupt_map.o [23]
  .rodata            const    0x1008'7fd8     0x4  cy_interrupt_map.o [23]
  .rodata            const    0x1008'7fdc     0x4  cy_interrupt_map.o [23]
  .rodata            const    0x1008'7fe0     0x4  cy_scb_spi.o [24]
  .rodata            const    0x1008'7fe4     0x4  cy_scb_spi.o [24]
  .rodata            const    0x1008'7fe8     0x4  cy_scb_spi.o [24]
  .rodata            const    0x1008'7fec     0x4  cy_scb_spi.o [24]
  .rodata            const    0x1008'7ff0     0x4  cy_scb_uart.o [24]
  .rodata            const    0x1008'7ff4     0x4  cy_scb_uart.o [24]
  .rodata            const    0x1008'7ff8     0x4  cy_scb_uart.o [24]
  .rodata            const    0x1008'7ffc     0x4  cy_scb_uart.o [24]
  .rodata            const    0x1008'8000     0x4  cy_scb_uart.o [24]
  .rodata            const    0x1008'8004     0x4  cy_scb_uart.o [24]
  .rodata            const    0x1008'8008     0x4  cy_scb_uart.o [24]
  .rodata            const    0x1008'800c     0x4  cy_scb_uart.o [24]
  .rodata            const    0x1008'8010     0x4  cy_scb_uart.o [24]
  .rodata            const    0x1008'8014     0x4  cy_scb_uart.o [24]
  .rodata            const    0x1008'8018     0x4  cy_sysint.o [35]
  .rodata            const    0x1008'801c     0x4  cy_sysint.o [35]
  .rodata            const    0x1008'8020     0x4  cy_tcpwm_counter.o [43]
  .rodata            const    0x1008'8024     0x4  cy_tcpwm_counter.o [43]
  .rodata            const    0x1008'8028     0x4  cy_tcpwm_counter.o [43]
  .rodata            const    0x1008'802c     0x4  cy_tcpwm_counter.o [43]
  .rodata            const    0x1008'8030     0x4  cy_tcpwm_counter.o [43]
  .rodata            const    0x1008'8034     0x4  cy_tcpwm_pwm.o [43]
  .rodata            const    0x1008'8038     0x4  cy_tcpwm_pwm.o [43]
  .rodata            const    0x1008'803c     0x4  cy_tcpwm_pwm.o [43]
  .rodata            const    0x1008'8040     0x4  cy_tcpwm_pwm.o [43]
  .rodata            const    0x1008'8044     0x4  cy_tcpwm_pwm.o [43]
  .rodata            const    0x1008'8048     0x4  cy_tcpwm_pwm.o [43]
  .rodata            const    0x1008'804c     0x4  cy_tcpwm_pwm.o [43]
  .rodata            const    0x1008'8050     0x4  imu_fusion.o [1]
  .rodata            const    0x1008'8054     0x4  imu_fusion.o [1]
  .rodata            const    0x1008'8058     0x4  imu_fusion.o [1]
  .text              ro code  0x1008'805c     0x4  startup_cm7.o [31]
  .text              ro code  0x1008'8060     0x4  startup_cm7.o [31]
  .text              ro code  0x1008'8064     0x4  startup_cm7.o [31]
  .text              ro code  0x1008'8068     0x4  startup_cm7.o [31]
  .text              ro code  0x1008'806c     0x4  startup_cm7.o [31]
  .text              ro code  0x1008'8070     0x4  startup_cm7.o [31]
  .text              ro code  0x1008'8074     0x4  startup_cm7.o [31]
  .text              ro code  0x1008'8078     0x4  startup_cm7.o [31]
  .text              ro code  0x1008'807c     0x4  startup_cm7.o [31]
  .text              ro code  0x1008'8080     0x4  startup_cm7.o [31]
  .text              ro code  0x1008'8084     0x4  startup_cm7.o [31]
  .text              ro code  0x1008'8088     0x4  startup_cm7.o [31]
  .text              ro code  0x1008'808c     0x4  startup_cm7.o [31]
  .text              ro code  0x1008'8090     0x4  startup_cm7.o [31]
  .text              ro code  0x1008'8094     0x4  startup_cm7.o [31]
  .text              ro code  0x1008'8098     0x2  zf_device_type.o [48]
  .rodata            const    0x1008'809a     0x0  zero_init3.o [52]
  .rodata            const    0x1008'809a     0x0  lz77_init_single.o [52]
  Initializer bytes  const    0x1008'809a    0xc5  <for P2-1>
                            - 0x1008'815f  0x80df

"P2", part 1 of 3:                          0x7bc
  P2-1                        0x2802'0000   0x7bc  <Init block>
    .data            inited   0x2802'0000     0x4  control.o [1]
    .data            inited   0x2802'0004     0x4  control.o [1]
    .data            inited   0x2802'0008     0x4  control.o [1]
    .data            inited   0x2802'000c     0x4  control.o [1]
    .data            inited   0x2802'0010     0x4  control.o [1]
    .data            inited   0x2802'0014   0x6ec  cy_interrupt_map.o [23]
    .data            inited   0x2802'0700     0x4  cy_interrupt_map.o [23]
    .data            inited   0x2802'0704    0x10  imu_fusion.o [1]
    .data            inited   0x2802'0714    0x10  imu_fusion.o [1]
    .data            inited   0x2802'0724     0x4  servo.o [1]
    .data            inited   0x2802'0728     0x4  servo.o [1]
    .data            inited   0x2802'072c     0x4  servo.o [1]
    .data            inited   0x2802'0730     0x4  servo.o [1]
    .data            inited   0x2802'0734     0x4  zf_device_type.o [48]
    .data            inited   0x2802'0738     0xc  zf_driver_adc.o [49]
    .data            inited   0x2802'0744    0x3c  zf_driver_pit.o [49]
    .data            inited   0x2802'0780    0x10  zf_driver_spi.o [49]
    .data            inited   0x2802'0790    0x14  zf_driver_uart.o [49]
    .data            inited   0x2802'07a4    0x14  zf_driver_uart.o [49]
    .data            inited   0x2802'07b8     0x2  zf_driver_delay.o [49]
    .data            inited   0x2802'07ba     0x1  zf_common_debug.o [46]
    .data            inited   0x2802'07bb     0x1  zf_driver_delay.o [49]
                            - 0x2802'07bc   0x7bc

"P2", part 2 of 3:                          0x6d8
  .bss               zero     0x2802'07bc   0x200  zf_device_tsl1401.o [48]
  .bss               zero     0x2802'09bc   0x118  zf_driver_uart.o [49]
  .bss               zero     0x2802'0ad4    0x80  zf_device_gnss.o [48]
  .bss               zero     0x2802'0b54    0x80  zf_device_gnss.o [48]
  .bss               zero     0x2802'0bd4    0x80  zf_device_gnss.o [48]
  .bss               zero     0x2802'0c54    0x70  cy_syslib.o [36]
  .bss               zero     0x2802'0cc4    0x48  zf_driver_adc.o [49]
  .bss               zero     0x2802'0d0c    0x40  zf_common_debug.o [46]
  .bss               zero     0x2802'0d4c    0x1c  small_drive_uart_control.o [1]
  .bss               zero     0x2802'0d68    0x18  cy_sysclk.o [33]
  .bss               zero     0x2802'0d80    0x18  cy_syslib.o [36]
  .bss               zero     0x2802'0d98    0x18  imu_fusion.o [1]
  .bss               zero     0x2802'0db0    0x18  zf_common_debug.o [46]
  .bss               zero     0x2802'0dc8    0x18  zf_device_gnss.o [48]
  .bss               zero     0x2802'0de0    0x14  zf_common_debug.o [46]
  .bss               zero     0x2802'0df4     0x4  app_init.o [1]
  .bss               zero     0x2802'0df8     0x4  control.o [1]
  .bss               zero     0x2802'0dfc     0x4  control.o [1]
  .bss               zero     0x2802'0e00     0x4  control.o [1]
  .bss               zero     0x2802'0e04     0x4  control.o [1]
  .bss               zero     0x2802'0e08     0x4  control.o [1]
  .bss               zero     0x2802'0e0c     0x4  control.o [1]
  .bss               zero     0x2802'0e10     0x4  cy_syslib.o [36]
  .bss               zero     0x2802'0e14     0x4  imu_fusion.o [1]
  .bss               zero     0x2802'0e18     0x4  imu_fusion.o [1]
  .bss               zero     0x2802'0e1c     0x4  imu_fusion.o [1]
  .bss               zero     0x2802'0e20     0x4  imu_fusion.o [1]
  .bss               zero     0x2802'0e24     0x4  imu_fusion.o [1]
  .bss               zero     0x2802'0e28     0x4  imu_fusion.o [1]
  .bss               zero     0x2802'0e2c     0x4  imu_fusion.o [1]
  .bss               zero     0x2802'0e30     0x4  imu_fusion.o [1]
  .bss               zero     0x2802'0e34     0x4  main_cm7_0.o [45]
  .bss               zero     0x2802'0e38     0x4  main_cm7_0.o [45]
  .bss               zero     0x2802'0e3c     0x4  main_cm7_0.o [45]
  .bss               zero     0x2802'0e40     0x4  main_cm7_0.o [45]
  .bss               zero     0x2802'0e44     0x4  main_cm7_0.o [45]
  .bss               zero     0x2802'0e48     0x4  main_cm7_0.o [45]
  .bss               zero     0x2802'0e4c     0x4  main_cm7_0.o [45]
  .bss               zero     0x2802'0e50     0x4  main_cm7_0.o [45]
  .bss               zero     0x2802'0e54     0x4  main_cm7_0.o [45]
  .bss               zero     0x2802'0e58     0x4  system_tviibh4m_cm7.o [22]
  .bss               zero     0x2802'0e5c     0x4  system_tviibh4m_cm7.o [22]
  .bss               zero     0x2802'0e60     0x4  system_tviibh4m_cm7.o [22]
  .bss               zero     0x2802'0e64     0x4  system_tviibh4m_cm7.o [22]
  .bss               zero     0x2802'0e68     0x4  system_tviibh4m_cm7.o [22]
  .bss               zero     0x2802'0e6c     0x4  zf_common_clock.o [46]
  .bss               zero     0x2802'0e70     0x4  zf_common_interrupt.o [46]
  .bss               zero     0x2802'0e74     0x4  zf_driver_spi.o [49]
  .bss               zero     0x2802'0e78     0x4  xfail_s.o [50]
  .bss               zero     0x2802'0e7c     0x2  zf_device_imu660rb.o [48]
  .bss               zero     0x2802'0e7e     0x2  zf_device_imu660rb.o [48]
  .bss               zero     0x2802'0e80     0x2  zf_device_imu660rb.o [48]
  .bss               zero     0x2802'0e82     0x2  zf_device_imu660rb.o [48]
  .bss               zero     0x2802'0e84     0x2  zf_device_imu660rb.o [48]
  .bss               zero     0x2802'0e86     0x2  zf_device_imu660rb.o [48]
  .bss               zero     0x2802'0e88     0x1  cy_sysclk.o [33]
  .bss               zero     0x2802'0e89     0x1  zf_common_debug.o [46]
  .bss               zero     0x2802'0e8a     0x1  zf_common_debug.o [46]
  .bss               zero     0x2802'0e8b     0x1  zf_common_debug.o [46]
  .bss               zero     0x2802'0e8c     0x1  zf_device_gnss.o [48]
  .bss               zero     0x2802'0e8d     0x1  zf_device_gnss.o [48]
  .bss               zero     0x2802'0e8e     0x1  zf_device_gnss.o [48]
  .bss               zero     0x2802'0e8f     0x1  zf_device_gnss.o [48]
  .bss               zero     0x2802'0e90     0x1  zf_device_gnss.o [48]
  .bss               zero     0x2802'0e91     0x1  zf_device_tsl1401.o [48]
  .bss               zero     0x2802'0e92     0x1  zf_device_tsl1401.o [48]
                            - 0x2802'0e93   0x6d7

"P2", part 3 of 3:                           0x80
  .intvec_ram        uninit   0x2802'0f00    0x80  startup_cm7.o [31]
                            - 0x2802'0f80    0x80

"A1":                                      0x2000
  HEAP_STACK                  0x2807'e000  0x2000  <Block>
    CSTACK                    0x2807'e000  0x2000  <Block>
      CSTACK         uninit   0x2807'e000  0x2000  <Block tail>
                            - 0x2808'0000  0x2000

Unused ranges:

         From           To       Size
         ----           --       ----
  0x1008'821d  0x1027'ffff  0x1f'7de3
  0x2802'0e94  0x2802'0eff       0x6c
  0x2802'0f80  0x2807'dfff   0x5'd080


*******************************************************************************
*** INIT TABLE
***

          Address      Size
          -------      ----
Zero (__iar_zero_init3)
    1 destination range, total size 0x6d7:
          0x2802'07bc  0x6d7

Copy/lz77 (__iar_lz77_init_single3)
    1 source range, total size 0xc5 (9% of destination):
          0x1008'809a   0xc5
    1 destination range, total size 0x7bc:
          0x2802'0000  0x7bc



*******************************************************************************
*** MODULE SUMMARY
***

    Module                      ro code  ro data  rw data
    ------                      -------  -------  -------
command line/config:
    -----------------------------------------------------
    Total:

D:\CYT4BB7\Seekfree_CYT4BB_Opensource_Library\project\iar\Debug_m7_0\Obj: [1]
    app_init.o                      496      720        4
    control.o                       548        1       44
    imu_fusion.o                  1'340       15       88
    servo.o                         324        2       16
    small_drive_uart_control.o      390                28
    -----------------------------------------------------
    Total:                        3'098      738      180

D:\CYT4BB7\Seekfree_CYT4BB_Opensource_Library\project\iar\Debug_m7_0\Obj\adc_11722776235721520015.dir: [2]
    -----------------------------------------------------
    Total:

D:\CYT4BB7\Seekfree_CYT4BB_Opensource_Library\project\iar\Debug_m7_0\Obj\audioss_1346650047966882938.dir: [3]
    -----------------------------------------------------
    Total:

D:\CYT4BB7\Seekfree_CYT4BB_Opensource_Library\project\iar\Debug_m7_0\Obj\button_4990804375159372270.dir: [4]
    -----------------------------------------------------
    Total:

D:\CYT4BB7\Seekfree_CYT4BB_Opensource_Library\project\iar\Debug_m7_0\Obj\canfd_1800690984773873875.dir: [5]
    -----------------------------------------------------
    Total:

D:\CYT4BB7\Seekfree_CYT4BB_Opensource_Library\project\iar\Debug_m7_0\Obj\cpu_15938736945165268644.dir: [6]
    -----------------------------------------------------
    Total:

D:\CYT4BB7\Seekfree_CYT4BB_Opensource_Library\project\iar\Debug_m7_0\Obj\crypto_1190170608956581615.dir: [7]
    -----------------------------------------------------
    Total:

D:\CYT4BB7\Seekfree_CYT4BB_Opensource_Library\project\iar\Debug_m7_0\Obj\dma_12106025507578611576.dir: [8]
    -----------------------------------------------------
    Total:

D:\CYT4BB7\Seekfree_CYT4BB_Opensource_Library\project\iar\Debug_m7_0\Obj\eth_phy_18133017486186456677.dir: [9]
    -----------------------------------------------------
    Total:

D:\CYT4BB7\Seekfree_CYT4BB_Opensource_Library\project\iar\Debug_m7_0\Obj\ethernet_6029839089178797009.dir: [10]
    -----------------------------------------------------
    Total:

D:\CYT4BB7\Seekfree_CYT4BB_Opensource_Library\project\iar\Debug_m7_0\Obj\evtgen_3404189088603873129.dir: [11]
    -----------------------------------------------------
    Total:

D:\CYT4BB7\Seekfree_CYT4BB_Opensource_Library\project\iar\Debug_m7_0\Obj\flash_8529866181315662935.dir: [12]
    -----------------------------------------------------
    Total:

D:\CYT4BB7\Seekfree_CYT4BB_Opensource_Library\project\iar\Debug_m7_0\Obj\flash_864493325053435817.dir: [13]
    -----------------------------------------------------
    Total:

D:\CYT4BB7\Seekfree_CYT4BB_Opensource_Library\project\iar\Debug_m7_0\Obj\gpio_3999404635324069351.dir: [14]
    cy_gpio.o                       404
    -----------------------------------------------------
    Total:                          404

D:\CYT4BB7\Seekfree_CYT4BB_Opensource_Library\project\iar\Debug_m7_0\Obj\ipc_10145506163450686023.dir: [15]
    -----------------------------------------------------
    Total:

D:\CYT4BB7\Seekfree_CYT4BB_Opensource_Library\project\iar\Debug_m7_0\Obj\lin_18429031207028094880.dir: [16]
    -----------------------------------------------------
    Total:

D:\CYT4BB7\Seekfree_CYT4BB_Opensource_Library\project\iar\Debug_m7_0\Obj\lvd_6353935867039560245.dir: [17]
    -----------------------------------------------------
    Total:

D:\CYT4BB7\Seekfree_CYT4BB_Opensource_Library\project\iar\Debug_m7_0\Obj\mcwdt_4052485907822033969.dir: [18]
    -----------------------------------------------------
    Total:

D:\CYT4BB7\Seekfree_CYT4BB_Opensource_Library\project\iar\Debug_m7_0\Obj\mpu_5663187252346826382.dir: [19]
    -----------------------------------------------------
    Total:

D:\CYT4BB7\Seekfree_CYT4BB_Opensource_Library\project\iar\Debug_m7_0\Obj\power_14453085144426420577.dir: [20]
    -----------------------------------------------------
    Total:

D:\CYT4BB7\Seekfree_CYT4BB_Opensource_Library\project\iar\Debug_m7_0\Obj\prot_10722960861768657883.dir: [21]
    -----------------------------------------------------
    Total:

D:\CYT4BB7\Seekfree_CYT4BB_Opensource_Library\project\iar\Debug_m7_0\Obj\rev_b_4986922561640112550.dir: [22]
    system_tviibh4m_cm7.o           336      128       20
    -----------------------------------------------------
    Total:                          336      128       20

D:\CYT4BB7\Seekfree_CYT4BB_Opensource_Library\project\iar\Debug_m7_0\Obj\rev_b_6162237342861132223.dir: [23]
    cy_interrupt_map.o              408      209    1'776
    -----------------------------------------------------
    Total:                          408      209    1'776

D:\CYT4BB7\Seekfree_CYT4BB_Opensource_Library\project\iar\Debug_m7_0\Obj\scb_15490842639181808494.dir: [24]
    cy_scb_spi.o                    496       16
    cy_scb_uart.o                   788       40
    -----------------------------------------------------
    Total:                        1'284       56

D:\CYT4BB7\Seekfree_CYT4BB_Opensource_Library\project\iar\Debug_m7_0\Obj\sd_host_2982766354293506895.dir: [25]
    -----------------------------------------------------
    Total:

D:\CYT4BB7\Seekfree_CYT4BB_Opensource_Library\project\iar\Debug_m7_0\Obj\semihosting_143864889731838620.dir: [26]
    -----------------------------------------------------
    Total:

D:\CYT4BB7\Seekfree_CYT4BB_Opensource_Library\project\iar\Debug_m7_0\Obj\smartio_5451710003740070188.dir: [27]
    -----------------------------------------------------
    Total:

D:\CYT4BB7\Seekfree_CYT4BB_Opensource_Library\project\iar\Debug_m7_0\Obj\smif_427648126384146252.dir: [28]
    -----------------------------------------------------
    Total:

D:\CYT4BB7\Seekfree_CYT4BB_Opensource_Library\project\iar\Debug_m7_0\Obj\smif_mem_6470536964353725183.dir: [29]
    -----------------------------------------------------
    Total:

D:\CYT4BB7\Seekfree_CYT4BB_Opensource_Library\project\iar\Debug_m7_0\Obj\srom_13018798572330080582.dir: [30]
    -----------------------------------------------------
    Total:

D:\CYT4BB7\Seekfree_CYT4BB_Opensource_Library\project\iar\Debug_m7_0\Obj\startup_479057977785470282.dir: [31]
    startup.o                       516       24
    startup_cm7.o                   442               128
    -----------------------------------------------------
    Total:                          958       24      128

D:\CYT4BB7\Seekfree_CYT4BB_Opensource_Library\project\iar\Debug_m7_0\Obj\sw_timer_4215635015939382130.dir: [32]
    -----------------------------------------------------
    Total:

D:\CYT4BB7\Seekfree_CYT4BB_Opensource_Library\project\iar\Debug_m7_0\Obj\sysclk_16149231235676103872.dir: [33]
    cy_sysclk.o                   2'280      208       25
    -----------------------------------------------------
    Total:                        2'280      208       25

D:\CYT4BB7\Seekfree_CYT4BB_Opensource_Library\project\iar\Debug_m7_0\Obj\sysflt_12293435975120599261.dir: [34]
    -----------------------------------------------------
    Total:

D:\CYT4BB7\Seekfree_CYT4BB_Opensource_Library\project\iar\Debug_m7_0\Obj\sysint_7435970359207984181.dir: [35]
    cy_sysint.o                     172        8
    -----------------------------------------------------
    Total:                          172        8

D:\CYT4BB7\Seekfree_CYT4BB_Opensource_Library\project\iar\Debug_m7_0\Obj\syslib_16330585751512546975.dir: [36]
    cy_syslib.o                     182               140
    cy_syslib_iar.o                  30
    -----------------------------------------------------
    Total:                          212               140

D:\CYT4BB7\Seekfree_CYT4BB_Opensource_Library\project\iar\Debug_m7_0\Obj\syspm_10887939769544754770.dir: [37]
    -----------------------------------------------------
    Total:

D:\CYT4BB7\Seekfree_CYT4BB_Opensource_Library\project\iar\Debug_m7_0\Obj\sysreghc_17676636058511625587.dir: [38]
    -----------------------------------------------------
    Total:

D:\CYT4BB7\Seekfree_CYT4BB_Opensource_Library\project\iar\Debug_m7_0\Obj\sysreset_14586141425677365288.dir: [39]
    -----------------------------------------------------
    Total:

D:\CYT4BB7\Seekfree_CYT4BB_Opensource_Library\project\iar\Debug_m7_0\Obj\sysrtc_10747768817563771611.dir: [40]
    -----------------------------------------------------
    Total:

D:\CYT4BB7\Seekfree_CYT4BB_Opensource_Library\project\iar\Debug_m7_0\Obj\systick_16016591671695740695.dir: [41]
    -----------------------------------------------------
    Total:

D:\CYT4BB7\Seekfree_CYT4BB_Opensource_Library\project\iar\Debug_m7_0\Obj\syswdt_9118657615806274156.dir: [42]
    -----------------------------------------------------
    Total:

D:\CYT4BB7\Seekfree_CYT4BB_Opensource_Library\project\iar\Debug_m7_0\Obj\tcpwm_422923530147891246.dir: [43]
    cy_tcpwm.o                       12
    cy_tcpwm_counter.o              430       20
    cy_tcpwm_pwm.o                  522       28
    -----------------------------------------------------
    Total:                          964       48

D:\CYT4BB7\Seekfree_CYT4BB_Opensource_Library\project\iar\Debug_m7_0\Obj\trigmux_9729677290734583340.dir: [44]
    -----------------------------------------------------
    Total:

D:\CYT4BB7\Seekfree_CYT4BB_Opensource_Library\project\iar\Debug_m7_0\Obj\user_8514941877209965082.dir: [45]
    cm7_0_isr.o                     516
    main_cm7_0.o                    310                36
    -----------------------------------------------------
    Total:                          826                36

D:\CYT4BB7\Seekfree_CYT4BB_Opensource_Library\project\iar\Debug_m7_0\Obj\zf_common_1201165462030747823.dir: [46]
    zf_common_clock.o                28                 4
    zf_common_debug.o             1'108      120      112
    zf_common_fifo.o              1'096       84
    zf_common_interrupt.o           226                 4
    -----------------------------------------------------
    Total:                        2'458      204      120

D:\CYT4BB7\Seekfree_CYT4BB_Opensource_Library\project\iar\Debug_m7_0\Obj\zf_components_14936052685886095442.dir: [47]
    -----------------------------------------------------
    Total:

D:\CYT4BB7\Seekfree_CYT4BB_Opensource_Library\project\iar\Debug_m7_0\Obj\zf_device_6570275422786408770.dir: [48]
    zf_device_gnss.o                276               413
    zf_device_imu660rb.o            500      116       12
    zf_device_tsl1401.o             124               514
    zf_device_type.o                  2                 4
    -----------------------------------------------------
    Total:                          902      116      943

D:\CYT4BB7\Seekfree_CYT4BB_Opensource_Library\project\iar\Debug_m7_0\Obj\zf_driver_11922370083829174090.dir: [49]
    zf_driver_adc.o                 116        2       84
    zf_driver_delay.o               644        1        3
    zf_driver_gpio.o                228
    zf_driver_pit.o                 920        6       60
    zf_driver_pwm.o               3'608       84
    zf_driver_spi.o               2'684       85       20
    zf_driver_uart.o              2'088       88      320
    -----------------------------------------------------
    Total:                       10'288      266      487

dl7M_tln.a: [50]
    abort.o                           6
    exit.o                            4
    printf.o                         40
    putchar.o                        32
    sprintf.o                        64
    strncmp.o                        42
    xfail_s.o                        64                 4
    xprintffull_nomb.o            3'758
    xprout.o                         22
    xsprout.o                        10
    -----------------------------------------------------
    Total:                        4'042                 4

m7M_tlv.a: [51]
    DblCmpGe.o                       52
    DblCmpLe.o                       52
    DblDiv.o                         18
    DblMul.o                         18
    DblSub.o                         18
    DblToS32.o                       14
    DblToU32.o                       14
    S32ToDbl.o                       14
    U32ToDbl.o                       14
    atan2f.o                        106
    fpinit_M.o                       34
    frexp.o                         112
    ldexp.o                         260
    sqrtf.o                          30
    xatanf.o                        164
    -----------------------------------------------------
    Total:                          920

rt7M_tl.a: [52]
    ABImemclr4.o                      6
    ABImemcpy.o                     166
    ABImemset.o                     102
    ABImemset48.o                    50
    I64DivMod.o                     560
    I64DivZer.o                       2
    cexit.o                          10
    cmain.o                          30
    cstartup_M.o                     28
    data_init.o                      40
    lz77_init_single.o              126
    memchr.o                         88
    strchr.o                         22
    strlen.o                         54
    strncpy.o                       112
    zero_init3.o                     56
    -----------------------------------------------------
    Total:                        1'452

shb_l.a: [53]
    exit.o                           20
    -----------------------------------------------------
    Total:                           20

    Gaps                             52        6
    Linker created                            32    8'192
---------------------------------------------------------
    Grand Total:                 31'076    2'043   12'051


*******************************************************************************
*** ENTRY LIST
***

Entry                       Address   Size  Type      Object
-----                       -------   ----  ----      ------
.iar.init_table$$Base   0x1008'7d64          --   Gb  - Linker created -
.iar.init_table$$Limit  0x1008'7d84          --   Gb  - Linker created -
?main                   0x1008'7e31         Code  Gb  cmain.o [52]
BusFault_Handler        0x1008'8065         Code  Wk  startup_cm7.o [31]
CSTACK$$Base            0x2807'e000          --   Gb  - Linker created -
CSTACK$$Limit           0x2808'0000          --   Gb  - Linker created -
Control_Get_Total_Speed
                        0x1008'66ad   0x4c  Code  Gb  control.o [1]
Control_Get_Turn_Speed  0x1008'66f9   0x3c  Code  Gb  control.o [1]
Control_Upright_PD      0x1008'6665   0x48  Code  Gb  control.o [1]
Control_Velocity_PI     0x1008'6571   0xf4  Code  Gb  control.o [1]
Control_Velocity_PI::speed_integral
                        0x2802'0e0c    0x4  Data  Lc  control.o [1]
Control_Velocity_PI::velocity_err_last
                        0x2802'0e08    0x4  Data  Lc  control.o [1]
CopyVectorTable         0x1008'7501   0x34  Code  Lc  startup.o [31]
CpuUserInt0_Handler     0x1008'7583   0x26  Code  Gb  cy_interrupt_map.o [23]
CpuUserInt10_Handler    0x1008'8081         Code  Wk  startup_cm7.o [31]
CpuUserInt11_Handler    0x1008'8085         Code  Wk  startup_cm7.o [31]
CpuUserInt12_Handler    0x1008'8089         Code  Wk  startup_cm7.o [31]
CpuUserInt13_Handler    0x1008'808d         Code  Wk  startup_cm7.o [31]
CpuUserInt14_Handler    0x1008'8091         Code  Wk  startup_cm7.o [31]
CpuUserInt15_Handler    0x1008'8095         Code  Wk  startup_cm7.o [31]
CpuUserInt1_Handler     0x1008'75a9   0x26  Code  Gb  cy_interrupt_map.o [23]
CpuUserInt2_Handler     0x1008'75cf   0x26  Code  Gb  cy_interrupt_map.o [23]
CpuUserInt3_Handler     0x1008'75f5   0x26  Code  Gb  cy_interrupt_map.o [23]
CpuUserInt4_Handler     0x1008'761b   0x26  Code  Gb  cy_interrupt_map.o [23]
CpuUserInt5_Handler     0x1008'7641   0x26  Code  Gb  cy_interrupt_map.o [23]
CpuUserInt6_Handler     0x1008'7667   0x26  Code  Gb  cy_interrupt_map.o [23]
CpuUserInt7_Handler     0x1008'768d   0x26  Code  Gb  cy_interrupt_map.o [23]
CpuUserInt8_Handler     0x1008'8079         Code  Wk  startup_cm7.o [31]
CpuUserInt9_Handler     0x1008'807d         Code  Wk  startup_cm7.o [31]
Cy_DefaultUserHandler   0x1008'7581    0x2  Code  Gb  cy_interrupt_map.o [23]
Cy_GPIO_ClearInterrupt  0x1008'2987    0xe  Code  Lc  cy_gpio.o [14]
Cy_GPIO_Clr             0x1008'5eab    0xa  Code  Lc  zf_driver_gpio.o [49]
Cy_GPIO_Pin_Init        0x1008'29cb   0x72  Code  Gb  cy_gpio.o [14]
Cy_GPIO_Set             0x1008'5ea1    0xa  Code  Lc  zf_driver_gpio.o [49]
Cy_GPIO_SetDriveSel     0x1008'2969   0x1e  Code  Lc  cy_gpio.o [14]
Cy_GPIO_SetDrivemode    0x1008'2919   0x1c  Code  Lc  cy_gpio.o [14]
Cy_GPIO_SetHSIOM        0x1008'28b5   0x4c  Code  Lc  cy_gpio.o [14]
Cy_GPIO_SetInterruptEdge
                        0x1008'29af   0x1c  Code  Lc  cy_gpio.o [14]
Cy_GPIO_SetInterruptMask
                        0x1008'2995   0x1a  Code  Lc  cy_gpio.o [14]
Cy_GPIO_SetSlewRate     0x1008'294f   0x1a  Code  Lc  cy_gpio.o [14]
Cy_GPIO_SetVtrip        0x1008'2935   0x1a  Code  Lc  cy_gpio.o [14]
Cy_GPIO_Write           0x1008'2901   0x18  Code  Lc  cy_gpio.o [14]
Cy_RestoreIRQ           0x1008'7359         Code  Gb  startup_cm7.o [31]
Cy_SCB_ClearRxFifo      0x1008'3dfb   0x1e  Code  Lc  zf_driver_spi.o [49]
Cy_SCB_ClearRxInterrupt
                        0x1008'679b    0xa  Code  Lc  cm7_0_isr.o [45]
Cy_SCB_ClearTxInterrupt
                        0x1008'67ab    0xa  Code  Lc  cm7_0_isr.o [45]
Cy_SCB_GetFifoSize      0x1008'3e55   0x12  Code  Lc  zf_driver_spi.o [49]
Cy_SCB_GetNumInRxFifo   0x1008'3df1    0xa  Code  Lc  zf_driver_spi.o [49]
Cy_SCB_GetNumInRxFifo   0x1008'2e0b    0xa  Code  Lc  zf_driver_uart.o [49]
Cy_SCB_GetNumInTxFifo   0x1008'3e1f    0xa  Code  Lc  zf_driver_spi.o [49]
Cy_SCB_GetNumInTxFifo   0x1008'2e1b    0xa  Code  Lc  zf_driver_uart.o [49]
Cy_SCB_GetRxInterruptMask
                        0x1008'6795    0x6  Code  Lc  cm7_0_isr.o [45]
Cy_SCB_GetRxInterruptMask
                        0x1008'2e57    0x6  Code  Lc  zf_driver_uart.o [49]
Cy_SCB_GetTxInterruptMask
                        0x1008'67a5    0x6  Code  Lc  cm7_0_isr.o [45]
Cy_SCB_GetTxInterruptMask
                        0x1008'2e63    0x6  Code  Lc  zf_driver_uart.o [49]
Cy_SCB_GetTxSrValid     0x1008'3e29    0xa  Code  Lc  zf_driver_spi.o [49]
Cy_SCB_GetTxSrValid     0x1008'2e25    0xa  Code  Lc  zf_driver_uart.o [49]
Cy_SCB_IsTxComplete     0x1008'3e33   0x22  Code  Lc  zf_driver_spi.o [49]
Cy_SCB_IsTxComplete     0x1008'2e2f   0x22  Code  Lc  zf_driver_uart.o [49]
Cy_SCB_ReadRxFifo       0x1008'2e05    0x6  Code  Lc  zf_driver_uart.o [49]
Cy_SCB_SPI_ClearRxFifo  0x1008'3e85    0x8  Code  Lc  zf_driver_spi.o [49]
Cy_SCB_SPI_Enable       0x1008'3e67    0xa  Code  Lc  zf_driver_spi.o [49]
Cy_SCB_SPI_GetNumInRxFifo
                        0x1008'3e7d    0x8  Code  Lc  zf_driver_spi.o [49]
Cy_SCB_SPI_Init         0x1008'486d  0x1d8  Code  Gb  cy_scb_spi.o [24]
Cy_SCB_SPI_SetActiveSlaveSelect
                        0x1008'3e71    0xc  Code  Lc  zf_driver_spi.o [49]
Cy_SCB_SetRxInterruptMask
                        0x1008'2e51    0x6  Code  Lc  zf_driver_uart.o [49]
Cy_SCB_SetTxInterruptMask
                        0x1008'2e5d    0x6  Code  Lc  zf_driver_uart.o [49]
Cy_SCB_UART_DeInit      0x1008'3c81   0x5c  Code  Gb  cy_scb_uart.o [24]
Cy_SCB_UART_Enable      0x1008'2e69    0xa  Code  Lc  zf_driver_uart.o [49]
Cy_SCB_UART_Init        0x1008'39fd  0x284  Code  Gb  cy_scb_uart.o [24]
Cy_SCB_WriteTxFifo      0x1008'3e19    0x6  Code  Lc  zf_driver_spi.o [49]
Cy_SCB_WriteTxFifo      0x1008'2e15    0x6  Code  Lc  zf_driver_uart.o [49]
Cy_SaveIRQ              0x1008'7351         Code  Gb  startup_cm7.o [31]
Cy_SysClk_CheckDividerExisting
                        0x1008'5b91   0x2a  Code  Lc  zf_driver_delay.o [49]
Cy_SysClk_CheckDividerExisting
                        0x1008'61d9   0x2c  Code  Lc  zf_driver_pit.o [49]
Cy_SysClk_CheckDividerExisting
                        0x1008'15e1   0x2c  Code  Lc  zf_driver_pwm.o [49]
Cy_SysClk_CheckDividerExisting
                        0x1008'3e8d   0x2c  Code  Lc  zf_driver_spi.o [49]
Cy_SysClk_CheckDividerExisting
                        0x1008'2c61   0x2c  Code  Lc  zf_driver_uart.o [49]
Cy_SysClk_ClkPathGetSource
                        0x1008'4bd1   0x54  Code  Gb  cy_sysclk.o [33]
Cy_SysClk_EcoGetStatus  0x1008'4a5d   0x1a  Code  Lc  cy_sysclk.o [33]
Cy_SysClk_Fast0ClkGetDivider
                        0x1008'4ba5   0x16  Code  Lc  cy_sysclk.o [33]
Cy_SysClk_Fast1ClkGetDivider
                        0x1008'4bbb   0x16  Code  Lc  cy_sysclk.o [33]
Cy_SysClk_FllGetConfiguration
                        0x1008'4c2d   0x7e  Code  Gb  cy_sysclk.o [33]
Cy_SysClk_FllGetLockStatus
                        0x1008'4a77    0xc  Code  Lc  cy_sysclk.o [33]
Cy_SysClk_GetClockGroup
                        0x1008'5c39    0x8  Code  Lc  zf_driver_delay.o [49]
Cy_SysClk_GetClockGroup
                        0x1008'6287    0x8  Code  Lc  zf_driver_pit.o [49]
Cy_SysClk_GetClockGroup
                        0x1008'168f    0x8  Code  Lc  zf_driver_pwm.o [49]
Cy_SysClk_GetClockGroup
                        0x1008'3f71    0x8  Code  Lc  zf_driver_spi.o [49]
Cy_SysClk_GetClockGroup
                        0x1008'2d45    0x8  Code  Lc  zf_driver_uart.o [49]
Cy_SysClk_GetCoreFrequency
                        0x1008'52f1   0x2a  Code  Gb  cy_sysclk.o [33]
Cy_SysClk_GetEcoFrequency
                        0x1008'4df9   0x32  Code  Gb  cy_sysclk.o [33]
Cy_SysClk_GetExtFrequency
                        0x1008'4e2d   0x1e  Code  Gb  cy_sysclk.o [33]
Cy_SysClk_GetFast0Frequency
                        0x1008'5245   0x56  Code  Gb  cy_sysclk.o [33]
Cy_SysClk_GetFast1Frequency
                        0x1008'529b   0x56  Code  Gb  cy_sysclk.o [33]
Cy_SysClk_GetFllInputFrequency
                        0x1008'4f4d    0xc  Code  Gb  cy_sysclk.o [33]
Cy_SysClk_GetFllOutputFrequency
                        0x1008'4f75   0x78  Code  Gb  cy_sysclk.o [33]
Cy_SysClk_GetHfClkFrequency
                        0x1008'51c7   0x7a  Code  Gb  cy_sysclk.o [33]
Cy_SysClk_GetIlo0Frequency
                        0x1008'4e4b   0x32  Code  Gb  cy_sysclk.o [33]
Cy_SysClk_GetIlo1Frequency
                        0x1008'4e7d   0x32  Code  Gb  cy_sysclk.o [33]
Cy_SysClk_GetImoFrequency
                        0x1008'4dc7   0x32  Code  Gb  cy_sysclk.o [33]
Cy_SysClk_GetPathFrequency
                        0x1008'5195   0x32  Code  Gb  cy_sysclk.o [33]
Cy_SysClk_GetPathSourceFrequency
                        0x1008'4ee9   0x64  Code  Gb  cy_sysclk.o [33]
Cy_SysClk_GetPll400MNo  0x1008'4ac1   0x14  Code  Lc  cy_sysclk.o [33]
Cy_SysClk_GetPllInputFrequency
                        0x1008'4f59   0x1c  Code  Gb  cy_sysclk.o [33]
Cy_SysClk_GetPllNo      0x1008'4a85   0x12  Code  Lc  cy_sysclk.o [33]
Cy_SysClk_GetPllOutputFrequency
                        0x1008'4ff1  0x1a0  Code  Gb  cy_sysclk.o [33]
Cy_SysClk_GetWcoFrequency
                        0x1008'4eaf   0x32  Code  Gb  cy_sysclk.o [33]
Cy_SysClk_HfClockGetDivider
                        0x1008'4b63   0x42  Code  Lc  cy_sysclk.o [33]
Cy_SysClk_HfClockGetSource
                        0x1008'4b0f   0x54  Code  Lc  cy_sysclk.o [33]
Cy_SysClk_InitGetFreqParams
                        0x1008'4dad   0x1a  Code  Gb  cy_sysclk.o [33]
Cy_SysClk_PeriphAssignDivider
                        0x1008'5c41   0x68  Code  Lc  zf_driver_delay.o [49]
Cy_SysClk_PeriphAssignDivider
                        0x1008'628f   0x68  Code  Lc  zf_driver_pit.o [49]
Cy_SysClk_PeriphAssignDivider
                        0x1008'1697   0x6a  Code  Lc  zf_driver_pwm.o [49]
Cy_SysClk_PeriphAssignDivider
                        0x1008'3f79   0x6a  Code  Lc  zf_driver_spi.o [49]
Cy_SysClk_PeriphAssignDivider
                        0x1008'2d4d   0x6a  Code  Lc  zf_driver_uart.o [49]
Cy_SysClk_PeriphEnableDivider
                        0x1008'5ca9   0x4c  Code  Lc  zf_driver_delay.o [49]
Cy_SysClk_PeriphEnableDivider
                        0x1008'62f7   0x4c  Code  Lc  zf_driver_pit.o [49]
Cy_SysClk_PeriphEnableDivider
                        0x1008'1701   0x4e  Code  Lc  zf_driver_pwm.o [49]
Cy_SysClk_PeriphEnableDivider
                        0x1008'3fe3   0x4e  Code  Lc  zf_driver_spi.o [49]
Cy_SysClk_PeriphEnableDivider
                        0x1008'2db7   0x4e  Code  Lc  zf_driver_uart.o [49]
Cy_SysClk_PeriphSetDivider
                        0x1008'5bbb   0x7e  Code  Lc  zf_driver_delay.o [49]
Cy_SysClk_PeriphSetDivider
                        0x1008'6205   0x82  Code  Lc  zf_driver_pit.o [49]
Cy_SysClk_PeriphSetDivider
                        0x1008'160d   0x82  Code  Lc  zf_driver_pwm.o [49]
Cy_SysClk_PeriphSetFracDivider
                        0x1008'3eb9   0xb8  Code  Lc  zf_driver_spi.o [49]
Cy_SysClk_PeriphSetFracDivider
                        0x1008'2c8d   0xb8  Code  Lc  zf_driver_uart.o [49]
Cy_SysClk_Pll400MGetConfiguration
                        0x1008'4d19   0x84  Code  Gb  cy_sysclk.o [33]
Cy_SysClk_Pll400MGetLockStatus
                        0x1008'4ad5   0x2a  Code  Lc  cy_sysclk.o [33]
Cy_SysClk_PllGetConfiguration
                        0x1008'4cc5   0x48  Code  Gb  cy_sysclk.o [33]
Cy_SysClk_PllGetLockStatus
                        0x1008'4a97   0x28  Code  Lc  cy_sysclk.o [33]
Cy_SysClk_WcoOkay       0x1008'4b01    0xe  Code  Lc  cy_sysclk.o [33]
Cy_SysInt_InitIRQ       0x1008'3d11   0x7e  Code  Gb  cy_sysint.o [35]
Cy_SysInt_SetSystemIrqVector
                        0x1008'3d8f   0x12  Code  Gb  cy_sysint.o [35]
Cy_SysInt_SystemIrqUserTableRamPointer
                        0x2802'0700    0x4  Data  Gb  cy_interrupt_map.o [23]
Cy_SysLib_DelayCycles   0x1008'7e11         Code  Gb  cy_syslib_iar.o [36]
Cy_SysLib_EnterCriticalSection
                        0x1008'7e21         Code  Gb  cy_syslib_iar.o [36]
Cy_SysLib_ExitCriticalSection
                        0x1008'7e29         Code  Gb  cy_syslib_iar.o [36]
Cy_SysLib_FaultHandler  0x1008'53b9   0x90  Code  Gb  cy_syslib.o [36]
Cy_SysLib_Halt          0x1008'53b5    0x4  Code  Gb  cy_syslib.o [36]
Cy_SysLib_ProcessingFault
                        0x1008'545d    0x2  Code  Wk  cy_syslib.o [36]
Cy_SysLib_SvcHandler    0x1008'7fad    0xc  Code  Wk  cy_syslib.o [36]
Cy_SystemInitFpuEnable  0x1008'72f1   0x1e  Code  Gb  system_tviibh4m_cm7.o [22]
Cy_SystemIrqUserTable   0x2802'0014  0x6ec  Data  Gb  cy_interrupt_map.o [23]
Cy_Tcpwm_Counter_ClearTC_Intr
                        0x1008'6123   0x10  Code  Gb  cy_tcpwm_counter.o [43]
Cy_Tcpwm_Counter_Enable
                        0x1008'6105    0xa  Code  Gb  cy_tcpwm_counter.o [43]
Cy_Tcpwm_Counter_GetCounter
                        0x1008'6113    0x4  Code  Gb  cy_tcpwm_counter.o [43]
Cy_Tcpwm_Counter_Init   0x1008'5f85  0x16c  Code  Gb  cy_tcpwm_counter.o [43]
Cy_Tcpwm_Counter_SetCounter
                        0x1008'610f    0x4  Code  Gb  cy_tcpwm_counter.o [43]
Cy_Tcpwm_Counter_SetTC_IntrMask
                        0x1008'6117    0xc  Code  Gb  cy_tcpwm_counter.o [43]
Cy_Tcpwm_Pwm_Enable     0x1008'2c49    0xa  Code  Gb  cy_tcpwm_pwm.o [43]
Cy_Tcpwm_Pwm_Init       0x1008'2a49  0x1e4  Code  Gb  cy_tcpwm_pwm.o [43]
Cy_Tcpwm_TriggerStart   0x1008'2c53    0xc  Code  Gb  cy_tcpwm.o [43]
Cy_u32StartupStackEndAddress
                        0x1008'77a8         Data  Gb  startup_cm7.o [31]
Cy_u32StartupStackStartAddress
                        0x1008'77a4         Data  Gb  startup_cm7.o [31]
DebugMon_Handler        0x1008'806d         Code  Wk  startup_cm7.o [31]
HEAP_STACK$$Base        0x2807'e000          --   Gb  - Linker created -
HEAP_STACK$$Limit       0x2808'0000          --   Gb  - Linker created -
HardFault_Handler       0x1008'7dc5         Code  Wk  startup_cm7.o [31]
InitRamEcc              0x1008'73ef  0x100  Code  Lc  startup.o [31]
InitRamEccClearArea     0x1008'74ef   0x12  Code  Lc  startup.o [31]
MemManage_Handler       0x1008'8061         Code  Wk  startup_cm7.o [31]
NMI_Handler             0x1008'805d         Code  Wk  startup_cm7.o [31]
P_pitch                 0x2802'0714   0x10  Data  Lc  imu_fusion.o [1]
P_roll                  0x2802'0704   0x10  Data  Lc  imu_fusion.o [1]
PendSV_Handler          0x1008'8071         Code  Wk  startup_cm7.o [31]
Q_angle                 0x1008'8050    0x4  Data  Lc  imu_fusion.o [1]
Q_bias                  0x1008'8054    0x4  Data  Lc  imu_fusion.o [1]
R_measure               0x1008'8058    0x4  Data  Lc  imu_fusion.o [1]
Region$$Table$$Base     0x1008'7d64          --   Gb  - Linker created -
Region$$Table$$Limit    0x1008'7d84          --   Gb  - Linker created -
Reset_Handler           0x1008'76fd         Code  Wk  startup_cm7.o [31]
SVC_Handler             0x1008'7eb9         Code  Wk  startup_cm7.o [31]
Startup_Init            0x1008'7361   0x8e  Code  Gb  startup.o [31]
SysTick_Handler         0x1008'8075         Code  Wk  startup_cm7.o [31]
SystemCoreClock         0x2802'0e58    0x4  Data  Gb  system_tviibh4m_cm7.o [22]
SystemCoreClockUpdate   0x1008'725d   0x94  Code  Gb  system_tviibh4m_cm7.o [22]
SystemInit              0x1008'7201   0x5c  Code  Gb  system_tviibh4m_cm7.o [22]
Target_Angle            0x2802'0008    0x4  Data  Gb  control.o [1]
Target_Speed            0x2802'0df8    0x4  Data  Gb  control.o [1]
Target_Yaw_Angle        0x2802'0e04    0x4  Data  Gb  control.o [1]
Turn_Kd                 0x2802'0e00    0x4  Data  Gb  control.o [1]
Turn_Kp                 0x2802'0dfc    0x4  Data  Gb  control.o [1]
Upright_Kd              0x2802'0004    0x4  Data  Gb  control.o [1]
Upright_Kp              0x2802'0000    0x4  Data  Gb  control.o [1]
UsageFault_Handler      0x1008'8069         Code  Wk  startup_cm7.o [31]
Velocity_Ki             0x2802'0010    0x4  Data  Gb  control.o [1]
Velocity_Kp             0x2802'000c    0x4  Data  Gb  control.o [1]
_LC                     0x1008'0081    0x6  Code  Lc  xprintffull_nomb.o [50]
_LitobFullNoMb          0x1008'0d4d  0x114  Code  Lc  xprintffull_nomb.o [50]
_PrintfFullNoMb         0x1008'0087  0xc98  Code  Gb  xprintffull_nomb.o [50]
_Prout                  0x1008'7f51   0x16  Code  Gb  xprout.o [50]
_PutcharsFullNoMb       0x1008'0eb9   0x2e  Code  Lc  xprintffull_nomb.o [50]
_SProut                 0x1008'0fc3    0xa  Code  Gb  xsprout.o [50]
__NVIC_ClearPendingIRQ  0x1008'7565   0x1c  Code  Lc  cy_interrupt_map.o [23]
__NVIC_ClearPendingIRQ  0x1008'392d   0x1c  Code  Lc  zf_common_interrupt.o [46]
__NVIC_EnableIRQ        0x1008'3911   0x1c  Code  Lc  zf_common_interrupt.o [46]
__NVIC_SetPriority      0x1008'3949   0x24  Code  Lc  zf_common_interrupt.o [46]
__Vectors               0x1008'0000          --   Gb  startup_cm7.o [31]
__Vectors_End           0x1008'0080         Data  Gb  startup_cm7.o [31]
__Vectors_Size {Abs}           0x80          --   Gb  startup_cm7.o [31]
__aeabi_cdcmple         0x1008'11b5         Code  Gb  DblCmpLe.o [51]
__aeabi_cdrcmple        0x1008'11e9         Code  Gb  DblCmpGe.o [51]
__aeabi_d2iz            0x1008'1321    0xe  Code  Gb  DblToS32.o [51]
__aeabi_d2uiz           0x1008'1361    0xe  Code  Gb  DblToU32.o [51]
__aeabi_ddiv            0x1008'134f   0x12  Code  Gb  DblDiv.o [51]
__aeabi_dmul            0x1008'137d   0x12  Code  Gb  DblMul.o [51]
__aeabi_dsub            0x1008'133d   0x12  Code  Gb  DblSub.o [51]
__aeabi_i2d             0x1008'132f    0xe  Code  Gb  S32ToDbl.o [51]
__aeabi_ldiv0           0x1008'15c9         Code  Gb  I64DivZer.o [52]
__aeabi_memclr4         0x1008'39f5         Code  Gb  ABImemclr4.o [52]
__aeabi_memcpy          0x1008'109d         Code  Gb  ABImemcpy.o [52]
__aeabi_memcpy4         0x1008'10bd         Code  Gb  ABImemcpy.o [52]
__aeabi_memcpy8         0x1008'10bd         Code  Gb  ABImemcpy.o [52]
__aeabi_memset          0x1008'284d         Code  Gb  ABImemset.o [52]
__aeabi_ui2d            0x1008'136f    0xe  Code  Gb  U32ToDbl.o [51]
__aeabi_uldivmod        0x1008'1391         Code  Gb  I64DivMod.o [52]
__cmain                 0x1008'7e31         Code  Gb  cmain.o [52]
__ecc_init_dtcm_end_address {Abs}
                        0x2000'3fff         Data  Gb  <internal module>
__ecc_init_dtcm_start_address {Abs}
                        0x2000'0000         Data  Gb  <internal module>
__ecc_init_itcm_end_address {Abs}
                             0x3fff         Data  Gb  <internal module>
__ecc_init_itcm_start_address {Abs}
                                0x0         Data  Gb  <internal module>
__ecc_init_sram_end_address {Abs}
                        0x2807'ffff         Data  Gb  <internal module>
__ecc_init_sram_start_address {Abs}
                        0x2802'0000         Data  Gb  <internal module>
__exit                  0x1008'15cd   0x14  Code  Gb  exit.o [53]
__iar_Fail_s            0x1008'0fcd   0x1c  Code  Gb  xfail_s.o [50]
__iar_Memchr            0x1008'1045         Code  Gb  memchr.o [52]
__iar_Memset            0x1008'284d         Code  Gb  ABImemset.o [52]
__iar_Memset4_word      0x1008'3dbd         Code  Gb  ABImemset48.o [52]
__iar_Memset8_word      0x1008'3dbd         Code  Gb  ABImemset48.o [52]
__iar_Memset_word       0x1008'2855         Code  Gb  ABImemset.o [52]
__iar_Strchr            0x1008'0fad         Code  Gb  strchr.o [52]
__iar_atan2_32          0x1008'5e35         Code  Gb  atan2f.o [51]
__iar_data_init3        0x1008'7cd1   0x28  Code  Gb  data_init.o [52]
__iar_frexp             0x1008'1151         Code  Gb  frexp.o [51]
__iar_frexpl            0x1008'1151         Code  Gb  frexp.o [51]
__iar_init_vfp          0x1008'7d41         Code  Gb  fpinit_M.o [51]
__iar_ldexp64           0x1008'1231         Code  Gb  ldexp.o [51]
__iar_lz77_init_single3
                        0x1008'0f2f   0x7e  Code  Gb  lz77_init_single.o [52]
__iar_program_start     0x1008'7ed5         Code  Gb  cstartup_M.o [52]
__iar_scalbln64         0x1008'1231         Code  Gb  ldexp.o [51]
__iar_scalbn64          0x1008'1231         Code  Gb  ldexp.o [51]
__iar_softfp___iar_frexp64
                        0x1008'1145         Code  Gb  frexp.o [51]
__iar_softfp___iar_ldexp64
                        0x1008'121d         Code  Gb  ldexp.o [51]
__iar_softfp___iar_scalbln64
                        0x1008'121d         Code  Gb  ldexp.o [51]
__iar_softfp___iar_scalbn64
                        0x1008'121d         Code  Gb  ldexp.o [51]
__iar_softfp_frexp      0x1008'1145         Code  Gb  frexp.o [51]
__iar_softfp_frexpl     0x1008'1145         Code  Gb  frexp.o [51]
__iar_softfp_ldexp      0x1008'121d         Code  Gb  ldexp.o [51]
__iar_softfp_ldexpl     0x1008'121d         Code  Gb  ldexp.o [51]
__iar_softfp_scalbln    0x1008'121d         Code  Gb  ldexp.o [51]
__iar_softfp_scalblnl   0x1008'121d         Code  Gb  ldexp.o [51]
__iar_softfp_scalbn     0x1008'121d         Code  Gb  ldexp.o [51]
__iar_softfp_scalbnl    0x1008'121d         Code  Gb  ldexp.o [51]
__iar_sqrt32            0x1008'5e15         Code  Gb  sqrtf.o [51]
__iar_xatanf            0x1008'6135         Code  Gb  xatanf.o [51]
__iar_zero_init3        0x1008'7b09   0x38  Code  Gb  zero_init3.o [52]
__low_level_init        0x1008'7e51         Code  Gb  startup_cm7.o [31]
__ramVectors            0x2802'0f00         Data  Gb  startup_cm7.o [31]
__vector_table          0x1008'0000         Data  Gb  startup_cm7.o [31]
__vector_table_0x1c     0x1008'001c         Data  Gb  startup_cm7.o [31]
__write                 0x1008'2717   0x12  Code  Gb  zf_common_debug.o [46]
_call_main              0x1008'7e3d         Code  Gb  cmain.o [52]
_exit                   0x1008'7e59         Code  Gb  cexit.o [52]
abort                   0x1008'15c1    0x6  Code  Gb  abort.o [50]
acc_to_angles           0x1008'55d1   0x76  Code  Lc  imu_fusion.o [1]
adc_convert             0x1008'6fd9   0x6c  Code  Gb  zf_driver_adc.o [49]
adc_resolution          0x2802'0cc4   0x48  Data  Lc  zf_driver_adc.o [49]
angle_pitch             0x2802'0e1c    0x4  Data  Lc  imu_fusion.o [1]
angle_roll              0x2802'0e14    0x4  Data  Lc  imu_fusion.o [1]
assert_interrupt_config
                        0x1008'39a5    0xc  Code  Gb  zf_common_interrupt.o [46]
atan2f                  0x1008'5e35         Code  Gb  atan2f.o [51]
bias_pitch              0x2802'0e20    0x4  Data  Lc  imu_fusion.o [1]
bias_roll               0x2802'0e18    0x4  Data  Lc  imu_fusion.o [1]
calculate_average_speed
                        0x1008'69a7   0x1e  Code  Gb  main_cm7_0.o [45]
car_debug_print         0x1008'6ee9   0x72  Code  Gb  app_init.o [1]
car_debug_print::print_counter
                        0x2802'0df4    0x4  Data  Lc  app_init.o [1]
car_system_init         0x1008'6de9  0x100  Code  Gb  app_init.o [1]
clock_init              0x1008'7079   0x16  Code  Gb  zf_common_clock.o [46]
control_isr_handler     0x1008'6a85    0x8  Code  Gb  main_cm7_0.o [45]
control_task            0x1008'69c5   0xc0  Code  Gb  main_cm7_0.o [45]
cs_pin_save             0x2802'0e74    0x4  Data  Gb  zf_driver_spi.o [49]
current_pitch_gyro      0x2802'0e2c    0x4  Data  Lc  imu_fusion.o [1]
current_yaw_gyro        0x2802'0e30    0x4  Data  Lc  imu_fusion.o [1]
cy_assertFileName       0x2802'0d80   0x18  Data  Gb  cy_syslib.o [36]
cy_assertLine           0x2802'0e10    0x4  Data  Gb  cy_syslib.o [36]
cy_delay32kMs           0x2802'0e68    0x4  Data  Gb  system_tviibh4m_cm7.o [22]
cy_delayFreqHz          0x2802'0e5c    0x4  Data  Gb  system_tviibh4m_cm7.o [22]
cy_delayFreqKhz         0x2802'0e60    0x4  Data  Gb  system_tviibh4m_cm7.o [22]
cy_delayFreqMhz         0x2802'0e64    0x4  Data  Gb  system_tviibh4m_cm7.o [22]
cy_faultFrame           0x2802'0c54   0x70  Data  Gb  cy_syslib.o [36]
debug_assert_handler    0x1008'2729   0x3c  Code  Gb  zf_common_debug.o [46]
debug_assert_handler::assert_nest_index
                        0x2802'0e8b    0x1  Data  Lc  zf_common_debug.o [46]
debug_delay             0x1008'23f9   0x36  Code  Lc  zf_common_debug.o [46]
debug_info_init         0x1008'27cf   0x18  Code  Gb  zf_common_debug.o [46]
debug_init              0x1008'27e7   0x2a  Code  Gb  zf_common_debug.o [46]
debug_interrupr_handler
                        0x1008'26f7   0x20  Code  Gb  zf_common_debug.o [46]
debug_log_handler       0x1008'2765   0x20  Code  Gb  zf_common_debug.o [46]
debug_output            0x1008'243b  0x2bc  Code  Lc  zf_common_debug.o [46]
debug_output_info       0x2802'0de0   0x14  Data  Lc  zf_common_debug.o [46]
debug_output_init       0x1008'27a5   0x2a  Code  Gb  zf_common_debug.o [46]
debug_output_struct_init
                        0x1008'2785   0x20  Code  Gb  zf_common_debug.o [46]
debug_uart_buffer       0x2802'0d0c   0x40  Data  Gb  zf_common_debug.o [46]
debug_uart_data         0x2802'0e8a    0x1  Data  Gb  zf_common_debug.o [46]
debug_uart_fifo         0x2802'0db0   0x18  Data  Gb  zf_common_debug.o [46]
debug_uart_str_output   0x1008'242f    0xc  Code  Lc  zf_common_debug.o [46]
delay_clk               0x2802'07b8    0x2  Data  Lc  zf_driver_delay.o [49]
divNumLocator           0x1008'7fb8    0x8  Data  Gb  cy_sysclk.o [33]
exit                    0x1008'7e55    0x4  Code  Gb  exit.o [50]
fifo_clear              0x1008'34fd   0x74  Code  Gb  zf_common_fifo.o [46]
fifo_end_offset         0x1008'34e3   0x1a  Code  Lc  zf_common_fifo.o [46]
fifo_head_offset        0x1008'34c9   0x1a  Code  Lc  zf_common_fifo.o [46]
fifo_init               0x1008'38d3   0x3a  Code  Gb  zf_common_fifo.o [46]
fifo_read_buffer        0x1008'3733  0x1a0  Code  Gb  zf_common_fifo.o [46]
fifo_used               0x1008'3571   0x22  Code  Gb  zf_common_fifo.o [46]
fifo_write_buffer       0x1008'3593  0x1a0  Code  Gb  zf_common_fifo.o [46]
g_control_enable        0x2802'0e3c    0x4  Data  Gb  main_cm7_0.o [45]
g_control_flag          0x2802'0e34    0x4  Data  Gb  main_cm7_0.o [45]
g_motor_speed           0x2802'0e38    0x4  Data  Gb  main_cm7_0.o [45]
g_pitch_angle           0x2802'0e40    0x4  Data  Gb  main_cm7_0.o [45]
g_pitch_gyro            0x2802'0e44    0x4  Data  Gb  main_cm7_0.o [45]
g_target_speed          0x2802'0e50    0x4  Data  Gb  main_cm7_0.o [45]
g_turn_speed            0x2802'0e54    0x4  Data  Gb  main_cm7_0.o [45]
g_yaw_angle             0x2802'0e48    0x4  Data  Gb  main_cm7_0.o [45]
g_yaw_gyro              0x2802'0e4c    0x4  Data  Gb  main_cm7_0.o [45]
get_pwm_ch              0x1008'1e29  0x368  Code  Lc  zf_driver_pwm.o [49]
get_pwm_pin             0x1008'174f  0x368  Code  Lc  zf_driver_pwm.o [49]
get_pwm_pin_hsiom       0x1008'1ab7  0x36a  Code  Lc  zf_driver_pwm.o [49]
get_scb_module          0x1008'2fbf   0x44  Code  Gb  zf_driver_uart.o [49]
get_uart_config         0x1008'2e73  0x14c  Code  Lc  zf_driver_uart.o [49]
gnss_flag               0x2802'0e8c    0x1  Data  Gb  zf_device_gnss.o [48]
gnss_gga_state          0x2802'0e8e    0x1  Data  Lc  zf_device_gnss.o [48]
gnss_receiver_fifo      0x2802'0dc8   0x18  Data  Lc  zf_device_gnss.o [48]
gnss_rmc_state          0x2802'0e8f    0x1  Data  Lc  zf_device_gnss.o [48]
gnss_state              0x2802'0e8d    0x1  Data  Lc  zf_device_gnss.o [48]
gnss_ths_state          0x2802'0e90    0x1  Data  Lc  zf_device_gnss.o [48]
gnss_uart_callback      0x1008'6b4d   0xe2  Code  Gb  zf_device_gnss.o [48]
gpio_init               0x1008'5ef9   0x88  Code  Gb  zf_driver_gpio.o [49]
gpio_set_level          0x1008'5eb5   0x44  Code  Gb  zf_driver_gpio.o [49]
gps_gga_buffer          0x2802'0ad4   0x80  Data  Lc  zf_device_gnss.o [48]
gps_rmc_buffer          0x2802'0b54   0x80  Data  Lc  zf_device_gnss.o [48]
gps_ths_buffer          0x2802'0bd4   0x80  Data  Lc  zf_device_gnss.o [48]
gz_filtered             0x2802'0e24    0x4  Data  Lc  imu_fusion.o [1]
imu660rb_acc_x          0x2802'0e82    0x2  Data  Gb  zf_device_imu660rb.o [48]
imu660rb_acc_y          0x2802'0e84    0x2  Data  Gb  zf_device_imu660rb.o [48]
imu660rb_acc_z          0x2802'0e86    0x2  Data  Gb  zf_device_imu660rb.o [48]
imu660rb_get_acc        0x1008'5a2f   0x3e  Code  Gb  zf_device_imu660rb.o [48]
imu660rb_get_gyro       0x1008'5a6d   0x3e  Code  Gb  zf_device_imu660rb.o [48]
imu660rb_gyro_transition
                        0x1008'5aad   0x18  Code  Gb  zf_device_imu660rb.o [48]
imu660rb_gyro_x         0x2802'0e7c    0x2  Data  Gb  zf_device_imu660rb.o [48]
imu660rb_gyro_y         0x2802'0e7e    0x2  Data  Gb  zf_device_imu660rb.o [48]
imu660rb_gyro_z         0x2802'0e80    0x2  Data  Gb  zf_device_imu660rb.o [48]
imu660rb_init           0x1008'5ac5   0x98  Code  Gb  zf_device_imu660rb.o [48]
imu660rb_read_register  0x1008'59bb   0x20  Code  Lc  zf_device_imu660rb.o [48]
imu660rb_read_registers
                        0x1008'59db   0x22  Code  Lc  zf_device_imu660rb.o [48]
imu660rb_self_check     0x1008'59fd   0x32  Code  Lc  zf_device_imu660rb.o [48]
imu660rb_write_register
                        0x1008'599d   0x1e  Code  Lc  zf_device_imu660rb.o [48]
imu_bias                0x2802'0d98   0x18  Data  Gb  imu_fusion.o [1]
imu_fusion_init         0x1008'5649   0x4c  Code  Gb  imu_fusion.o [1]
imu_fusion_update       0x1008'5785  0x182  Code  Gb  imu_fusion.o [1]
imu_get_pitch_angle     0x1008'5907    0x8  Code  Gb  imu_fusion.o [1]
imu_get_pitch_gyro      0x1008'5911   0x10  Code  Gb  imu_fusion.o [1]
imu_get_yaw_angle       0x1008'5921    0x8  Code  Gb  imu_fusion.o [1]
imu_get_yaw_gyro        0x1008'592d   0x10  Code  Gb  imu_fusion.o [1]
imu_zero_bias_init      0x1008'5461  0x170  Code  Gb  imu_fusion.o [1]
intFreqInitialized      0x2802'0e88    0x1  Data  Gb  cy_sysclk.o [33]
internalBaseFreqInfo    0x2802'0d68   0x18  Data  Gb  cy_sysclk.o [33]
interrupt_global_disable
                        0x1008'397d   0x14  Code  Gb  zf_common_interrupt.o [46]
interrupt_global_enable
                        0x1008'396d   0x10  Code  Gb  zf_common_interrupt.o [46]
interrupt_global_flag   0x2802'0e70    0x4  Data  Lc  zf_common_interrupt.o [46]
interrupt_init          0x1008'39bd   0x36  Code  Gb  zf_common_interrupt.o [46]
interrupt_set_priority  0x1008'39b1    0xc  Code  Gb  zf_common_interrupt.o [46]
kalman_update           0x1008'5699   0xec  Code  Gb  imu_fusion.o [1]
ldexp                   0x1008'1231         Code  Gb  ldexp.o [51]
ldexpl                  0x1008'1231         Code  Gb  ldexp.o [51]
main                    0x1008'6ab9   0x16  Code  Gb  main_cm7_0.o [45]
memchr                  0x1008'1045         Code  Gb  memchr.o [52]
motor_value             0x2802'0d4c   0x1c  Data  Gb  small_drive_uart_control.o [1]
pit0_ch0_isr            0x1008'67b5    0xe  Code  Gb  cm7_0_isr.o [45]
pit0_ch10_isr           0x1008'67d7    0xa  Code  Gb  cm7_0_isr.o [45]
pit0_ch11_isr           0x1008'67e1    0xa  Code  Gb  cm7_0_isr.o [45]
pit0_ch12_isr           0x1008'67eb    0xa  Code  Gb  cm7_0_isr.o [45]
pit0_ch13_isr           0x1008'67f5    0xa  Code  Gb  cm7_0_isr.o [45]
pit0_ch14_isr           0x1008'67ff    0xa  Code  Gb  cm7_0_isr.o [45]
pit0_ch15_isr           0x1008'6809    0xa  Code  Gb  cm7_0_isr.o [45]
pit0_ch16_isr           0x1008'6813    0xa  Code  Gb  cm7_0_isr.o [45]
pit0_ch17_isr           0x1008'681d    0xa  Code  Gb  cm7_0_isr.o [45]
pit0_ch18_isr           0x1008'6827    0xa  Code  Gb  cm7_0_isr.o [45]
pit0_ch19_isr           0x1008'6831    0xa  Code  Gb  cm7_0_isr.o [45]
pit0_ch1_isr            0x1008'67c3    0xa  Code  Gb  cm7_0_isr.o [45]
pit0_ch20_isr           0x1008'683b    0xe  Code  Gb  cm7_0_isr.o [45]
pit0_ch21_isr           0x1008'6849    0xe  Code  Gb  cm7_0_isr.o [45]
pit0_ch2_isr            0x1008'67cd    0xa  Code  Gb  cm7_0_isr.o [45]
pit_init                0x1008'636d  0x1ee  Code  Gb  zf_driver_pit.o [49]
pit_isr_flag_clear      0x1008'6343   0x2a  Code  Gb  zf_driver_pit.o [49]
pit_isr_func            0x2802'0744   0x3c  Data  Gb  zf_driver_pit.o [49]
printf                  0x1008'7095   0x28  Code  Gb  printf.o [50]
putchar                 0x1008'7de5   0x20  Code  Gb  putchar.o [50]
pwm_all_channel_close   0x1008'2191   0x1a  Code  Gb  zf_driver_pwm.o [49]
pwm_init                0x1008'2205  0x1e4  Code  Gb  zf_driver_pwm.o [49]
pwm_set_duty            0x1008'21ab   0x5a  Code  Gb  zf_driver_pwm.o [49]
sar_adc                 0x2802'0738    0xc  Data  Lc  zf_driver_adc.o [49]
scalbln                 0x1008'1231         Code  Gb  ldexp.o [51]
scalblnl                0x1008'1231         Code  Gb  ldexp.o [51]
scalbn                  0x1008'1231         Code  Gb  ldexp.o [51]
scalbnl                 0x1008'1231         Code  Gb  ldexp.o [51]
scale                   0x1008'0e61   0x46  Code  Lc  xprintffull_nomb.o [50]
scb_module              0x2802'07a4   0x14  Data  Gb  zf_driver_uart.o [49]
sec_hand                0x2802'0e78    0x4  Data  Lc  xfail_s.o [50]
servo_init              0x1008'71a9   0x58  Code  Gb  servo.o [1]
servo_motor_duty_1      0x2802'0724    0x4  Data  Gb  servo.o [1]
servo_motor_duty_2      0x2802'0728    0x4  Data  Gb  servo.o [1]
servo_motor_duty_3      0x2802'072c    0x4  Data  Gb  servo.o [1]
servo_motor_duty_4      0x2802'0730    0x4  Data  Gb  servo.o [1]
servo_set_duty          0x1008'70bd   0xcc  Code  Gb  servo.o [1]
small_driver_get_speed  0x1008'6d5d   0x2a  Code  Gb  small_drive_uart_control.o [1]
small_driver_init       0x1008'6d87   0x2e  Code  Gb  small_drive_uart_control.o [1]
small_driver_set_speed  0x1008'6d1b   0x42  Code  Gb  small_drive_uart_control.o [1]
small_driver_uart_init  0x1008'6dbd   0x2a  Code  Gb  small_drive_uart_control.o [1]
spi_get_clk_hsiom       0x1008'40ed   0x28  Code  Lc  zf_driver_spi.o [49]
spi_get_clk_pin         0x1008'4031   0x28  Code  Lc  zf_driver_spi.o [49]
spi_get_cs_hsiom        0x1008'4165   0x44  Code  Lc  zf_driver_spi.o [49]
spi_get_cs_pin          0x1008'40a9   0x44  Code  Lc  zf_driver_spi.o [49]
spi_get_miso_hsiom      0x1008'413d   0x28  Code  Lc  zf_driver_spi.o [49]
spi_get_miso_pin        0x1008'4081   0x28  Code  Lc  zf_driver_spi.o [49]
spi_get_mosi_hsiom      0x1008'4115   0x28  Code  Lc  zf_driver_spi.o [49]
spi_get_mosi_pin        0x1008'4059   0x28  Code  Lc  zf_driver_spi.o [49]
spi_init                0x1008'45c9  0x28e  Code  Gb  zf_driver_spi.o [49]
spi_module              0x2802'0780   0x10  Data  Gb  zf_driver_spi.o [49]
spi_read_8bit_register  0x1008'43cd   0xea  Code  Gb  zf_driver_spi.o [49]
spi_read_8bit_registers
                        0x1008'44b7   0xfe  Code  Gb  zf_driver_spi.o [49]
spi_write_8bit_register
                        0x1008'42e5   0xde  Code  Gb  zf_driver_spi.o [49]
sprintf                 0x1008'3489   0x40  Code  Gb  sprintf.o [50]
sqrtf                   0x1008'5e15         Code  Gb  sqrtf.o [51]
strchr                  0x1008'0fad         Code  Gb  strchr.o [52]
strlen                  0x1008'100d         Code  Gb  strlen.o [52]
strncmp                 0x1008'704d   0x2a  Code  Gb  strncmp.o [50]
strncpy                 0x1008'5345         Code  Gb  strncpy.o [52]
switch_transition_length
                        0x1008'41a9  0x13c  Code  Lc  zf_driver_spi.o [49]
system_clock            0x2802'0e6c    0x4  Data  Gb  zf_common_clock.o [46]
system_delay_init       0x1008'5d53   0xa6  Code  Gb  zf_driver_delay.o [49]
system_delay_ms         0x1008'5cf5   0x5e  Code  Gb  zf_driver_delay.o [49]
system_init             0x1008'6999    0xe  Code  Gb  main_cm7_0.o [45]
timer_ch                0x2802'07bb    0x1  Data  Lc  zf_driver_delay.o [49]
tsl1401_collect_pit_handler
                        0x1008'6ad1   0x68  Code  Gb  zf_device_tsl1401.o [48]
tsl1401_data            0x2802'07bc  0x200  Data  Gb  zf_device_tsl1401.o [48]
tsl1401_finish_flag     0x2802'0e92    0x1  Data  Gb  zf_device_tsl1401.o [48]
tsl1401_init_state      0x2802'0e91    0x1  Data  Lc  zf_device_tsl1401.o [48]
type_default_callback   0x1008'8099    0x2  Code  Lc  zf_device_type.o [48]
uart0_isr               0x1008'6857   0x40  Code  Gb  cm7_0_isr.o [45]
uart1_isr               0x1008'6897   0x42  Code  Gb  cm7_0_isr.o [45]
uart2_isr               0x1008'68dd   0x40  Code  Gb  cm7_0_isr.o [45]
uart3_isr               0x1008'691d   0x3c  Code  Gb  cm7_0_isr.o [45]
uart4_isr               0x1008'6959   0x40  Code  Gb  cm7_0_isr.o [45]
uart_context            0x2802'09bc  0x118  Data  Gb  zf_driver_uart.o [49]
uart_control_callback   0x1008'6c61   0xba  Code  Gb  small_drive_uart_control.o [1]
uart_init               0x1008'32b1  0x190  Code  Gb  zf_driver_uart.o [49]
uart_isr_func           0x2802'0790   0x14  Data  Gb  zf_driver_uart.o [49]
uart_query_byte         0x1008'3065   0x32  Code  Gb  zf_driver_uart.o [49]
uart_rx_interrupt       0x1008'31b3   0xfe  Code  Gb  zf_driver_uart.o [49]
uart_tx_interrupt       0x1008'3097  0x11c  Code  Gb  zf_driver_uart.o [49]
uart_write_buffer       0x1008'302b   0x1e  Code  Gb  zf_driver_uart.o [49]
uart_write_byte         0x1008'3003   0x28  Code  Gb  zf_driver_uart.o [49]
uart_write_string       0x1008'3049   0x1c  Code  Gb  zf_driver_uart.o [49]
wireless_module_uart_handler
                        0x2802'0734    0x4  Data  Gb  zf_device_type.o [48]
yaw                     0x2802'0e28    0x4  Data  Lc  imu_fusion.o [1]
zf_debug_assert_enable  0x2802'07ba    0x1  Data  Lc  zf_common_debug.o [46]
zf_debug_init_flag      0x2802'0e89    0x1  Data  Lc  zf_common_debug.o [46]


[1] = D:\CYT4BB7\Seekfree_CYT4BB_Opensource_Library\project\iar\Debug_m7_0\Obj
[2] = D:\CYT4BB7\Seekfree_CYT4BB_Opensource_Library\project\iar\Debug_m7_0\Obj\adc_11722776235721520015.dir
[3] = D:\CYT4BB7\Seekfree_CYT4BB_Opensource_Library\project\iar\Debug_m7_0\Obj\audioss_1346650047966882938.dir
[4] = D:\CYT4BB7\Seekfree_CYT4BB_Opensource_Library\project\iar\Debug_m7_0\Obj\button_4990804375159372270.dir
[5] = D:\CYT4BB7\Seekfree_CYT4BB_Opensource_Library\project\iar\Debug_m7_0\Obj\canfd_1800690984773873875.dir
[6] = D:\CYT4BB7\Seekfree_CYT4BB_Opensource_Library\project\iar\Debug_m7_0\Obj\cpu_15938736945165268644.dir
[7] = D:\CYT4BB7\Seekfree_CYT4BB_Opensource_Library\project\iar\Debug_m7_0\Obj\crypto_1190170608956581615.dir
[8] = D:\CYT4BB7\Seekfree_CYT4BB_Opensource_Library\project\iar\Debug_m7_0\Obj\dma_12106025507578611576.dir
[9] = D:\CYT4BB7\Seekfree_CYT4BB_Opensource_Library\project\iar\Debug_m7_0\Obj\eth_phy_18133017486186456677.dir
[10] = D:\CYT4BB7\Seekfree_CYT4BB_Opensource_Library\project\iar\Debug_m7_0\Obj\ethernet_6029839089178797009.dir
[11] = D:\CYT4BB7\Seekfree_CYT4BB_Opensource_Library\project\iar\Debug_m7_0\Obj\evtgen_3404189088603873129.dir
[12] = D:\CYT4BB7\Seekfree_CYT4BB_Opensource_Library\project\iar\Debug_m7_0\Obj\flash_8529866181315662935.dir
[13] = D:\CYT4BB7\Seekfree_CYT4BB_Opensource_Library\project\iar\Debug_m7_0\Obj\flash_864493325053435817.dir
[14] = D:\CYT4BB7\Seekfree_CYT4BB_Opensource_Library\project\iar\Debug_m7_0\Obj\gpio_3999404635324069351.dir
[15] = D:\CYT4BB7\Seekfree_CYT4BB_Opensource_Library\project\iar\Debug_m7_0\Obj\ipc_10145506163450686023.dir
[16] = D:\CYT4BB7\Seekfree_CYT4BB_Opensource_Library\project\iar\Debug_m7_0\Obj\lin_18429031207028094880.dir
[17] = D:\CYT4BB7\Seekfree_CYT4BB_Opensource_Library\project\iar\Debug_m7_0\Obj\lvd_6353935867039560245.dir
[18] = D:\CYT4BB7\Seekfree_CYT4BB_Opensource_Library\project\iar\Debug_m7_0\Obj\mcwdt_4052485907822033969.dir
[19] = D:\CYT4BB7\Seekfree_CYT4BB_Opensource_Library\project\iar\Debug_m7_0\Obj\mpu_5663187252346826382.dir
[20] = D:\CYT4BB7\Seekfree_CYT4BB_Opensource_Library\project\iar\Debug_m7_0\Obj\power_14453085144426420577.dir
[21] = D:\CYT4BB7\Seekfree_CYT4BB_Opensource_Library\project\iar\Debug_m7_0\Obj\prot_10722960861768657883.dir
[22] = D:\CYT4BB7\Seekfree_CYT4BB_Opensource_Library\project\iar\Debug_m7_0\Obj\rev_b_4986922561640112550.dir
[23] = D:\CYT4BB7\Seekfree_CYT4BB_Opensource_Library\project\iar\Debug_m7_0\Obj\rev_b_6162237342861132223.dir
[24] = D:\CYT4BB7\Seekfree_CYT4BB_Opensource_Library\project\iar\Debug_m7_0\Obj\scb_15490842639181808494.dir
[25] = D:\CYT4BB7\Seekfree_CYT4BB_Opensource_Library\project\iar\Debug_m7_0\Obj\sd_host_2982766354293506895.dir
[26] = D:\CYT4BB7\Seekfree_CYT4BB_Opensource_Library\project\iar\Debug_m7_0\Obj\semihosting_143864889731838620.dir
[27] = D:\CYT4BB7\Seekfree_CYT4BB_Opensource_Library\project\iar\Debug_m7_0\Obj\smartio_5451710003740070188.dir
[28] = D:\CYT4BB7\Seekfree_CYT4BB_Opensource_Library\project\iar\Debug_m7_0\Obj\smif_427648126384146252.dir
[29] = D:\CYT4BB7\Seekfree_CYT4BB_Opensource_Library\project\iar\Debug_m7_0\Obj\smif_mem_6470536964353725183.dir
[30] = D:\CYT4BB7\Seekfree_CYT4BB_Opensource_Library\project\iar\Debug_m7_0\Obj\srom_13018798572330080582.dir
[31] = D:\CYT4BB7\Seekfree_CYT4BB_Opensource_Library\project\iar\Debug_m7_0\Obj\startup_479057977785470282.dir
[32] = D:\CYT4BB7\Seekfree_CYT4BB_Opensource_Library\project\iar\Debug_m7_0\Obj\sw_timer_4215635015939382130.dir
[33] = D:\CYT4BB7\Seekfree_CYT4BB_Opensource_Library\project\iar\Debug_m7_0\Obj\sysclk_16149231235676103872.dir
[34] = D:\CYT4BB7\Seekfree_CYT4BB_Opensource_Library\project\iar\Debug_m7_0\Obj\sysflt_12293435975120599261.dir
[35] = D:\CYT4BB7\Seekfree_CYT4BB_Opensource_Library\project\iar\Debug_m7_0\Obj\sysint_7435970359207984181.dir
[36] = D:\CYT4BB7\Seekfree_CYT4BB_Opensource_Library\project\iar\Debug_m7_0\Obj\syslib_16330585751512546975.dir
[37] = D:\CYT4BB7\Seekfree_CYT4BB_Opensource_Library\project\iar\Debug_m7_0\Obj\syspm_10887939769544754770.dir
[38] = D:\CYT4BB7\Seekfree_CYT4BB_Opensource_Library\project\iar\Debug_m7_0\Obj\sysreghc_17676636058511625587.dir
[39] = D:\CYT4BB7\Seekfree_CYT4BB_Opensource_Library\project\iar\Debug_m7_0\Obj\sysreset_14586141425677365288.dir
[40] = D:\CYT4BB7\Seekfree_CYT4BB_Opensource_Library\project\iar\Debug_m7_0\Obj\sysrtc_10747768817563771611.dir
[41] = D:\CYT4BB7\Seekfree_CYT4BB_Opensource_Library\project\iar\Debug_m7_0\Obj\systick_16016591671695740695.dir
[42] = D:\CYT4BB7\Seekfree_CYT4BB_Opensource_Library\project\iar\Debug_m7_0\Obj\syswdt_9118657615806274156.dir
[43] = D:\CYT4BB7\Seekfree_CYT4BB_Opensource_Library\project\iar\Debug_m7_0\Obj\tcpwm_422923530147891246.dir
[44] = D:\CYT4BB7\Seekfree_CYT4BB_Opensource_Library\project\iar\Debug_m7_0\Obj\trigmux_9729677290734583340.dir
[45] = D:\CYT4BB7\Seekfree_CYT4BB_Opensource_Library\project\iar\Debug_m7_0\Obj\user_8514941877209965082.dir
[46] = D:\CYT4BB7\Seekfree_CYT4BB_Opensource_Library\project\iar\Debug_m7_0\Obj\zf_common_1201165462030747823.dir
[47] = D:\CYT4BB7\Seekfree_CYT4BB_Opensource_Library\project\iar\Debug_m7_0\Obj\zf_components_14936052685886095442.dir
[48] = D:\CYT4BB7\Seekfree_CYT4BB_Opensource_Library\project\iar\Debug_m7_0\Obj\zf_device_6570275422786408770.dir
[49] = D:\CYT4BB7\Seekfree_CYT4BB_Opensource_Library\project\iar\Debug_m7_0\Obj\zf_driver_11922370083829174090.dir
[50] = dl7M_tln.a
[51] = m7M_tlv.a
[52] = rt7M_tl.a
[53] = shb_l.a
[54] = zf_device_config.a

  31'076 bytes of readonly  code memory
   2'043 bytes of readonly  data memory
  12'051 bytes of readwrite data memory

Errors: none
Warnings: none
